Archive member included to satisfy reference by file (symbol)

C:/PROGRA~2/ARMGNU~1/13C7F1~1.2RE/bin/../lib/gcc/arm-none-eabi/13.2.1/thumb/v7-m/nofp\libgcc.a(_arm_muldf3.o)
                              CMakeFiles/WaveFormCreator.elf.dir/Core/Src/AD9833.c.obj (__aeabi_dmul)
C:/PROGRA~2/ARMGNU~1/13C7F1~1.2RE/bin/../lib/gcc/arm-none-eabi/13.2.1/thumb/v7-m/nofp\libgcc.a(_arm_muldivdf3.o)
                              CMakeFiles/WaveFormCreator.elf.dir/Core/Src/AD9833.c.obj (__aeabi_ddiv)
C:/PROGRA~2/ARMGNU~1/13C7F1~1.2RE/bin/../lib/gcc/arm-none-eabi/13.2.1/thumb/v7-m/nofp\libgcc.a(_arm_cmpdf2.o)
                              CMakeFiles/WaveFormCreator.elf.dir/Core/Src/main.c.obj (__aeabi_dcmpge)
C:/PROGRA~2/ARMGNU~1/13C7F1~1.2RE/bin/../lib/gcc/arm-none-eabi/13.2.1/thumb/v7-m/nofp\libgcc.a(_arm_fixdfsi.o)
                              CMakeFiles/WaveFormCreator.elf.dir/Core/Src/AD9833.c.obj (__aeabi_d2iz)
C:/PROGRA~2/ARMGNU~1/13C7F1~1.2RE/bin/../lib/gcc/arm-none-eabi/13.2.1/thumb/v7-m/nofp\libg.a(libc_a-atof.o)
                              CMakeFiles/WaveFormCreator.elf.dir/Core/Src/stm32f1xx_it.c.obj (atof)
C:/PROGRA~2/ARMGNU~1/13C7F1~1.2RE/bin/../lib/gcc/arm-none-eabi/13.2.1/thumb/v7-m/nofp\libg.a(libc_a-atoi.o)
                              CMakeFiles/WaveFormCreator.elf.dir/Core/Src/stm32f1xx_it.c.obj (atoi)
C:/PROGRA~2/ARMGNU~1/13C7F1~1.2RE/bin/../lib/gcc/arm-none-eabi/13.2.1/thumb/v7-m/nofp\libg.a(libc_a-exit.o)
                              C:/PROGRA~2/ARMGNU~1/13C7F1~1.2RE/bin/../lib/gcc/arm-none-eabi/13.2.1/thumb/v7-m/nofp/crt0.o (exit)
C:/PROGRA~2/ARMGNU~1/13C7F1~1.2RE/bin/../lib/gcc/arm-none-eabi/13.2.1/thumb/v7-m/nofp\libg.a(libc_a-strtod.o)
                              C:/PROGRA~2/ARMGNU~1/13C7F1~1.2RE/bin/../lib/gcc/arm-none-eabi/13.2.1/thumb/v7-m/nofp\libg.a(libc_a-atof.o) (strtod)
C:/PROGRA~2/ARMGNU~1/13C7F1~1.2RE/bin/../lib/gcc/arm-none-eabi/13.2.1/thumb/v7-m/nofp\libg.a(libc_a-strtol.o)
                              C:/PROGRA~2/ARMGNU~1/13C7F1~1.2RE/bin/../lib/gcc/arm-none-eabi/13.2.1/thumb/v7-m/nofp\libg.a(libc_a-atoi.o) (_strtol_r)
C:/PROGRA~2/ARMGNU~1/13C7F1~1.2RE/bin/../lib/gcc/arm-none-eabi/13.2.1/thumb/v7-m/nofp\libg.a(libc_a-ctype_.o)
                              C:/PROGRA~2/ARMGNU~1/13C7F1~1.2RE/bin/../lib/gcc/arm-none-eabi/13.2.1/thumb/v7-m/nofp\libg.a(libc_a-strtol.o) (_ctype_)
C:/PROGRA~2/ARMGNU~1/13C7F1~1.2RE/bin/../lib/gcc/arm-none-eabi/13.2.1/thumb/v7-m/nofp\libg.a(libc_a-findfp.o)
                              C:/PROGRA~2/ARMGNU~1/13C7F1~1.2RE/bin/../lib/gcc/arm-none-eabi/13.2.1/thumb/v7-m/nofp\libg.a(libc_a-exit.o) (__stdio_exit_handler)
C:/PROGRA~2/ARMGNU~1/13C7F1~1.2RE/bin/../lib/gcc/arm-none-eabi/13.2.1/thumb/v7-m/nofp\libg.a(libc_a-fwalk.o)
                              C:/PROGRA~2/ARMGNU~1/13C7F1~1.2RE/bin/../lib/gcc/arm-none-eabi/13.2.1/thumb/v7-m/nofp\libg.a(libc_a-findfp.o) (_fwalk_sglue)
C:/PROGRA~2/ARMGNU~1/13C7F1~1.2RE/bin/../lib/gcc/arm-none-eabi/13.2.1/thumb/v7-m/nofp\libg.a(libc_a-printf.o)
                              CMakeFiles/WaveFormCreator.elf.dir/Core/Src/stm32f1xx_it.c.obj (printf)
C:/PROGRA~2/ARMGNU~1/13C7F1~1.2RE/bin/../lib/gcc/arm-none-eabi/13.2.1/thumb/v7-m/nofp\libg.a(libc_a-puts.o)
                              CMakeFiles/WaveFormCreator.elf.dir/Core/Src/main.c.obj (puts)
C:/PROGRA~2/ARMGNU~1/13C7F1~1.2RE/bin/../lib/gcc/arm-none-eabi/13.2.1/thumb/v7-m/nofp\libg.a(libc_a-snprintf.o)
                              CMakeFiles/WaveFormCreator.elf.dir/Core/Src/main.c.obj (snprintf)
C:/PROGRA~2/ARMGNU~1/13C7F1~1.2RE/bin/../lib/gcc/arm-none-eabi/13.2.1/thumb/v7-m/nofp\libg.a(libc_a-stdio.o)
                              C:/PROGRA~2/ARMGNU~1/13C7F1~1.2RE/bin/../lib/gcc/arm-none-eabi/13.2.1/thumb/v7-m/nofp\libg.a(libc_a-findfp.o) (__sread)
C:/PROGRA~2/ARMGNU~1/13C7F1~1.2RE/bin/../lib/gcc/arm-none-eabi/13.2.1/thumb/v7-m/nofp\libg.a(libc_a-memset.o)
                              C:/PROGRA~2/ARMGNU~1/13C7F1~1.2RE/bin/../lib/gcc/arm-none-eabi/13.2.1/thumb/v7-m/nofp/crt0.o (memset)
C:/PROGRA~2/ARMGNU~1/13C7F1~1.2RE/bin/../lib/gcc/arm-none-eabi/13.2.1/thumb/v7-m/nofp\libg.a(libc_a-strncmp.o)
                              C:/PROGRA~2/ARMGNU~1/13C7F1~1.2RE/bin/../lib/gcc/arm-none-eabi/13.2.1/thumb/v7-m/nofp\libg.a(libc_a-strtod.o) (strncmp)
C:/PROGRA~2/ARMGNU~1/13C7F1~1.2RE/bin/../lib/gcc/arm-none-eabi/13.2.1/thumb/v7-m/nofp\libg.a(libc_a-strncpy.o)
                              CMakeFiles/WaveFormCreator.elf.dir/Core/Src/stm32f1xx_it.c.obj (strncpy)
C:/PROGRA~2/ARMGNU~1/13C7F1~1.2RE/bin/../lib/gcc/arm-none-eabi/13.2.1/thumb/v7-m/nofp\libg.a(libc_a-locale.o)
                              C:/PROGRA~2/ARMGNU~1/13C7F1~1.2RE/bin/../lib/gcc/arm-none-eabi/13.2.1/thumb/v7-m/nofp\libg.a(libc_a-strtod.o) (__global_locale)
C:/PROGRA~2/ARMGNU~1/13C7F1~1.2RE/bin/../lib/gcc/arm-none-eabi/13.2.1/thumb/v7-m/nofp\libg.a(libc_a-closer.o)
[...]
Memory Configuration

Name             Origin             Length             Attributes
RAM              0x20000000         0x00005000         xrw
FLASH            0x08000000         0x00010000         xr
*default*        0x00000000         0xffffffff

Linker script and memory map

LOAD C:/PROGRA~2/ARMGNU~1/13C7F1~1.2RE/bin/../lib/gcc/arm-none-eabi/13.2.1/thumb/v7-m/nofp/crti.o
LOAD C:/PROGRA~2/ARMGNU~1/13C7F1~1.2RE/bin/../lib/gcc/arm-none-eabi/13.2.1/thumb/v7-m/nofp/crtbegin.o
LOAD C:/PROGRA~2/ARMGNU~1/13C7F1~1.2RE/bin/../lib/gcc/arm-none-eabi/13.2.1/thumb/v7-m/nofp/crt0.o
LOAD CMakeFiles/WaveFormCreator.elf.dir/Core/Src/AD9833.c.obj
LOAD CMakeFiles/WaveFormCreator.elf.dir/Core/Src/dma.c.obj
LOAD CMakeFiles/WaveFormCreator.elf.dir/Core/Src/gpio.c.obj
LOAD CMakeFiles/WaveFormCreator.elf.dir/Core/Src/i2c.c.obj
LOAD CMakeFiles/WaveFormCreator.elf.dir/Core/Src/main.c.obj
LOAD CMakeFiles/WaveFormCreator.elf.dir/Core/Src/oled.c.obj
LOAD CMakeFiles/WaveFormCreator.elf.dir/Core/Src/stm32f1xx_hal_msp.c.obj
LOAD CMakeFiles/WaveFormCreator.elf.dir/Core/Src/stm32f1xx_it.c.obj
LOAD CMakeFiles/WaveFormCreator.elf.dir/Core/Src/syscalls.c.obj
LOAD CMakeFiles/WaveFormCreator.elf.dir/Core/Src/sysmem.c.obj
LOAD CMakeFiles/WaveFormCreator.elf.dir/Core/Src/system_stm32f1xx.c.obj
LOAD CMakeFiles/WaveFormCreator.elf.dir/Core/Src/usart.c.obj
LOAD CMakeFiles/WaveFormCreator.elf.dir/Core/Startup/startup_stm32f103c8tx.s.obj
LOAD CMakeFiles/WaveFormCreator.elf.dir/Drivers/STM32F1xx_HAL_Driver/Src/stm32f1xx_hal.c.obj
LOAD CMakeFiles/WaveFormCreator.elf.dir/Drivers/STM32F1xx_HAL_Driver/Src/stm32f1xx_hal_cortex.c.obj
LOAD CMakeFiles/WaveFormCreator.elf.dir/Drivers/STM32F1xx_HAL_Driver/Src/stm32f1xx_hal_dma.c.obj
LOAD CMakeFiles/WaveFormCreator.elf.dir/Drivers/STM32F1xx_HAL_Driver/Src/stm32f1xx_hal_exti.c.obj
LOAD CMakeFiles/WaveFormCreator.elf.dir/Drivers/STM32F1xx_HAL_Driver/Src/stm32f1xx_hal_flash.c.obj
LOAD CMakeFiles/WaveFormCreator.elf.dir/Drivers/STM32F1xx_HAL_Driver/Src/stm32f1xx_hal_flash_ex.c.obj
LOAD CMakeFiles/WaveFormCreator.elf.dir/Drivers/STM32F1xx_HAL_Driver/Src/stm32f1xx_hal_gpio.c.obj
LOAD CMakeFiles/WaveFormCreator.elf.dir/Drivers/STM32F1xx_HAL_Driver/Src/stm32f1xx_hal_gpio_ex.c.obj
LOAD CMakeFiles/WaveFormCreator.elf.dir/Drivers/STM32F1xx_HAL_Driver/Src/stm32f1xx_hal_i2c.c.obj
LOAD CMakeFiles/WaveFormCreator.elf.dir/Drivers/STM32F1xx_HAL_Driver/Src/stm32f1xx_hal_pwr.c.obj
LOAD CMakeFiles/WaveFormCreator.elf.dir/Drivers/STM32F1xx_HAL_Driver/Src/stm32f1xx_hal_rcc.c.obj
LOAD CMakeFiles/WaveFormCreator.elf.dir/Drivers/STM32F1xx_HAL_Driver/Src/stm32f1xx_hal_rcc_ex.c.obj
LOAD CMakeFiles/WaveFormCreator.elf.dir/Drivers/STM32F1xx_HAL_Driver/Src/stm32f1xx_hal_tim.c.obj
LOAD CMakeFiles/WaveFormCreator.elf.dir/Drivers/STM32F1xx_HAL_Driver/Src/stm32f1xx_hal_tim_ex.c.obj
LOAD CMakeFiles/WaveFormCreator.elf.dir/Drivers/STM32F1xx_HAL_Driver/Src/stm32f1xx_hal_uart.c.obj
START GROUP
LOAD C:/PROGRA~2/ARMGNU~1/13C7F1~1.2RE/bin/../lib/gcc/arm-none-eabi/13.2.1/thumb/v7-m/nofp\libgcc.a
LOAD C:/PROGRA~2/ARMGNU~1/13C7F1~1.2RE/bin/../lib/gcc/arm-none-eabi/13.2.1/thumb/v7-m/nofp\libg.a
LOAD C:/PROGRA~2/ARMGNU~1/13C7F1~1.2RE/bin/../lib/gcc/arm-none-eabi/13.2.1/thumb/v7-m/nofp\libc.a
END GROUP
LOAD C:/PROGRA~2/ARMGNU~1/13C7F1~1.2RE/bin/../lib/gcc/arm-none-eabi/13.2.1/thumb/v7-m/nofp/crtend.o
LOAD C:/PROGRA~2/ARMGNU~1/13C7F1~1.2RE/bin/../lib/gcc/arm-none-eabi/13.2.1/thumb/v7-m/nofp/crtn.o
                0x20005000                        _estack = (ORIGIN (RAM) + LENGTH (RAM))
                0x00000200                        _Min_Heap_Size = 0x200
                0x00000400                        _Min_Stack_Size = 0x400

.isr_vector     0x08000000      0x10c
                0x08000000                        . = ALIGN (0x4)
 *(.isr_vector)
 .isr_vector    0x08000000      0x10c CMakeFiles/WaveFormCreator.elf.dir/Core/Startup/startup_stm32f103c8tx.s.obj
                0x08000000                g_pfnVectors
                0x0800010c                        . = ALIGN (0x4)

.text           0x08000110     0xd328
                0x08000110                        . = ALIGN (0x4)
 *(.text)
 .text          0x08000110      0x424 C:/PROGRA~2/ARMGNU~1/13C7F1~1.2RE/bin/../lib/gcc/arm-none-eabi/13.2.1/thumb/v7-m/nofp\libgcc.a(_arm_muldivdf3.o)
                0x08000110                __aeabi_dmul
                0x08000110                __muldf3
                0x08000364                __divdf3
                0x08000364                __aeabi_ddiv
 .text          0x08000534      0x110 C:/PROGRA~2/ARMGNU~1/13C7F1~1.2RE/bin/../lib/gcc/arm-none-eabi/13.2.1/thumb/v7-m/nofp\libgcc.a(_arm_cmpdf2.o)
                0x08000534                __gtdf2
                0x08000534                __gedf2
                0x0800053c                __ltdf2
                0x0800053c                __ledf2
                0x08000544                __nedf2
                0x08000544                __eqdf2
                0x08000544                __cmpdf2
                0x080005c0                __aeabi_cdrcmple
                0x080005d0                __aeabi_cdcmpeq
                0x080005d0                __aeabi_cdcmple
                0x080005e0                __aeabi_dcmpeq
                0x080005f4                __aeabi_dcmplt
                0x08000608                __aeabi_dcmple
                0x0800061c                __aeabi_dcmpge
                0x08000630                __aeabi_dcmpgt
 .text          0x08000644       0x50 C:/PROGRA~2/ARMGNU~1/13C7F1~1.2RE/bin/../lib/gcc/arm-none-eabi/13.2.1/thumb/v7-m/nofp\libgcc.a(_arm_fixdfsi.o)
                0x08000644                __aeabi_d2iz
                0x08000644                __fixdfsi
 .text          0x08000694       0xec C:/PROGRA~2/ARMGNU~1/13C7F1~1.2RE/bin/../lib/gcc/arm-none-eabi/13.2.1/thumb/v7-m/nofp\libg.a(libc_a-memcpy.o)
                0x08000694                memcpy
 .text          0x08000780      0x378 C:/PROGRA~2/ARMGNU~1/13C7F1~1.2RE/bin/../lib/gcc/arm-none-eabi/13.2.1/thumb/v7-m/nofp\libgcc.a(_arm_addsubdf3.o)
                0x08000780                __aeabi_drsub
                0x08000788                __aeabi_dsub
                0x08000788                __subdf3
                0x0800078c                __aeabi_dadd
                0x0800078c                __adddf3
                0x08000a04                __floatunsidf
                0x08000a04                __aeabi_ui2d
                0x08000a24                __floatsidf
                0x08000a24                __aeabi_i2d
                0x08000a48                __aeabi_f2d
                0x08000a48                __extendsfdf2
                0x08000a8c                __floatundidf
                0x08000a8c                __aeabi_ul2d
                0x08000a9c                __floatdidf
                0x08000a9c                __aeabi_l2d
 .text          0x08000af8       0x2c C:/PROGRA~2/ARMGNU~1/13C7F1~1.2RE/bin/../lib/gcc/arm-none-eabi/13.2.1/thumb/v7-m/nofp\libgcc.a(_arm_unorddf2.o)
                0x08000af8                __unorddf2
                0x08000af8                __aeabi_dcmpun
 .text          0x08000b24       0x40 C:/PROGRA~2/ARMGNU~1/13C7F1~1.2RE/bin/../lib/gcc/arm-none-eabi/13.2.1/thumb/v7-m/nofp\libgcc.a(_arm_fixunsdfsi.o)
                0x08000b24                __aeabi_d2uiz
                0x08000b24                __fixunsdfsi
 *(.text*)
 .text.deregister_tm_clones
                0x08000b64       0x1c C:/PROGRA~2/ARMGNU~1/13C7F1~1.2RE/bin/../lib/gcc/arm-none-eabi/13.2.1/thumb/v7-m/nofp/crtbegin.o
 .text.register_tm_clones
                0x08000b80       0x24 C:/PROGRA~2/ARMGNU~1/13C7F1~1.2RE/bin/../lib/gcc/arm-none-eabi/13.2.1/thumb/v7-m/nofp/crtbegin.o
 .text.__do_global_dtors_aux
                0x08000ba4       0x28 C:/PROGRA~2/ARMGNU~1/13C7F1~1.2RE/bin/../lib/gcc/arm-none-eabi/13.2.1/thumb/v7-m/nofp/crtbegin.o
 .text.frame_dummy
                0x08000bcc       0x24 C:/PROGRA~2/ARMGNU~1/13C7F1~1.2RE/bin/../lib/gcc/arm-none-eabi/13.2.1/thumb/v7-m/nofp/crtbegin.o
 .text.AD9833_Delay
                0x08000bf0        0xc CMakeFiles/WaveFormCreator.elf.dir/Core/Src/AD9833.c.obj
 .text.AD9833_Write
                0x08000bfc       0x8c CMakeFiles/WaveFormCreator.elf.dir/Core/Src/AD9833.c.obj
                0x08000bfc                AD9833_Write
 .text.AD9833_AmpSet
                0x08000c88       0x70 CMakeFiles/WaveFormCreator.elf.dir/Core/Src/AD9833.c.obj
                0x08000c88                AD9833_AmpSet
 .text.AD9833_WaveSeting
                0x08000cf8       0xb8 CMakeFiles/WaveFormCreator.elf.dir/Core/Src/AD9833.c.obj
                0x08000cf8                AD9833_WaveSeting
 .text.MX_DMA_Init
                0x08000db0       0x44 CMakeFiles/WaveFormCreator.elf.dir/Core/Src/dma.c.obj
                0x08000db0                MX_DMA_Init
 .text.MX_GPIO_Init
                0x08000df4       0xf0 CMakeFiles/WaveFormCreator.elf.dir/Core/Src/gpio.c.obj
                0x08000df4                MX_GPIO_Init
 .text.MX_I2C1_Init
                0x08000ee4       0x3c CMakeFiles/WaveFormCreator.elf.dir/Core/Src/i2c.c.obj
                0x08000ee4                MX_I2C1_Init
 .text.HAL_I2C_MspInit
                0x08000f20       0x78 CMakeFiles/WaveFormCreator.elf.dir/Core/Src/i2c.c.obj
                0x08000f20                HAL_I2C_MspInit
 .text.__io_putchar
                0x08000f98       0x20 CMakeFiles/WaveFormCreator.elf.dir/Core/Src/main.c.obj
                0x08000f98                __io_putchar
 .text.OLED_ShowWaveParam
                0x08000fb8      0x100 CMakeFiles/WaveFormCreator.elf.dir/Core/Src/main.c.obj
                0x08000fb8                OLED_ShowWaveParam
 .text.Error_Handler
                0x080010b8       0x1c CMakeFiles/WaveFormCreator.elf.dir/Core/Src/main.c.obj
                0x080010b8                Error_Handler
 .text.SystemClock_Config
                0x080010d4       0x52 CMakeFiles/WaveFormCreator.elf.dir/Core/Src/main.c.obj
                0x080010d4                SystemClock_Config
 *fill*         0x08001126        0x2 
 .text.main     0x08001128       0xa0 CMakeFiles/WaveFormCreator.elf.dir/Core/Src/main.c.obj
                0x08001128                main
 .text.WriteCmd
                0x080011c8       0x2c CMakeFiles/WaveFormCreator.elf.dir/Core/Src/oled.c.obj
                0x080011c8                WriteCmd
 .text.WriteDat
                0x080011f4       0x2c CMakeFiles/WaveFormCreator.elf.dir/Core/Src/oled.c.obj
                0x080011f4                WriteDat
 .text.OLED_Init
                0x08001220       0xb2 CMakeFiles/WaveFormCreator.elf.dir/Core/Src/oled.c.obj
                0x08001220                OLED_Init
 .text.OLED_SetPos
                0x080012d2       0x26 CMakeFiles/WaveFormCreator.elf.dir/Core/Src/oled.c.obj
                0x080012d2                OLED_SetPos
 .text.OLED_Fill
                0x080012f8       0x3c CMakeFiles/WaveFormCreator.elf.dir/Core/Src/oled.c.obj
                0x080012f8                OLED_Fill
 .text.OLED_CLS
                0x08001334        0xa CMakeFiles/WaveFormCreator.elf.dir/Core/Src/oled.c.obj
                0x08001334                OLED_CLS
 *fill*         0x0800133e        0x2 
 .text.OLED_ShowStr
                0x08001340       0xd8 CMakeFiles/WaveFormCreator.elf.dir/Core/Src/oled.c.obj
                0x08001340                OLED_ShowStr
 .text.HAL_MspInit
                0x08001418       0x44 CMakeFiles/WaveFormCreator.elf.dir/Core/Src/stm32f1xx_hal_msp.c.obj
                0x08001418                HAL_MspInit
 .text.HAL_IncTick
                0x0800145c       0x10 CMakeFiles/WaveFormCreator.elf.dir/Core/Src/stm32f1xx_it.c.obj
                0x0800145c                HAL_IncTick
 .text.NMI_Handler
                0x0800146c        0x2 CMakeFiles/WaveFormCreator.elf.dir/Core/Src/stm32f1xx_it.c.obj
                0x0800146c                NMI_Handler
 .text.HardFault_Handler
                0x0800146e        0x2 CMakeFiles/WaveFormCreator.elf.dir/Core/Src/stm32f1xx_it.c.obj
                0x0800146e                HardFault_Handler
 .text.MemManage_Handler
                0x08001470        0x2 CMakeFiles/WaveFormCreator.elf.dir/Core/Src/stm32f1xx_it.c.obj
                0x08001470                MemManage_Handler
 .text.BusFault_Handler
                0x08001472        0x2 CMakeFiles/WaveFormCreator.elf.dir/Core/Src/stm32f1xx_it.c.obj
                0x08001472                BusFault_Handler
 .text.UsageFault_Handler
                0x08001474        0x2 CMakeFiles/WaveFormCreator.elf.dir/Core/Src/stm32f1xx_it.c.obj
                0x08001474                UsageFault_Handler
 .text.SVC_Handler
                0x08001476        0x2 CMakeFiles/WaveFormCreator.elf.dir/Core/Src/stm32f1xx_it.c.obj
                0x08001476                SVC_Handler
 .text.DebugMon_Handler
                0x08001478        0x2 CMakeFiles/WaveFormCreator.elf.dir/Core/Src/stm32f1xx_it.c.obj
                0x08001478                DebugMon_Handler
 .text.PendSV_Handler
                0x0800147a        0x2 CMakeFiles/WaveFormCreator.elf.dir/Core/Src/stm32f1xx_it.c.obj
                0x0800147a                PendSV_Handler
 .text.SysTick_Handler
                0x0800147c        0x8 CMakeFiles/WaveFormCreator.elf.dir/Core/Src/stm32f1xx_it.c.obj
                0x0800147c                SysTick_Handler
 .text.DMA1_Channel4_IRQHandler
                0x08001484       0x10 CMakeFiles/WaveFormCreator.elf.dir/Core/Src/stm32f1xx_it.c.obj
                0x08001484                DMA1_Channel4_IRQHandler
 .text.DMA1_Channel5_IRQHandler
                0x08001494       0x10 CMakeFiles/WaveFormCreator.elf.dir/Core/Src/stm32f1xx_it.c.obj
                0x08001494                DMA1_Channel5_IRQHandler
 .text.USART1_IRQHandler
                0x080014a4      0x124 CMakeFiles/WaveFormCreator.elf.dir/Core/Src/stm32f1xx_it.c.obj
                0x080014a4                USART1_IRQHandler
 .text.USART3_IRQHandler
                0x080015c8       0x10 CMakeFiles/WaveFormCreator.elf.dir/Core/Src/stm32f1xx_it.c.obj
                0x080015c8                USART3_IRQHandler
 .text._getpid  0x080015d8        0x4 CMakeFiles/WaveFormCreator.elf.dir/Core/Src/syscalls.c.obj
                0x080015d8                _getpid
 .text._kill    0x080015dc       0x10 CMakeFiles/WaveFormCreator.elf.dir/Core/Src/syscalls.c.obj
                0x080015dc                _kill
 .text._exit    0x080015ec        0xc CMakeFiles/WaveFormCreator.elf.dir/Core/Src/syscalls.c.obj
                0x080015ec                _exit
 .text._read    0x080015f8       0x20 CMakeFiles/WaveFormCreator.elf.dir/Core/Src/syscalls.c.obj
                0x080015f8                _read
 .text._write   0x08001618       0x1c CMakeFiles/WaveFormCreator.elf.dir/Core/Src/syscalls.c.obj
                0x08001618                _write
 .text._close   0x08001634        0x6 CMakeFiles/WaveFormCreator.elf.dir/Core/Src/syscalls.c.obj
                0x08001634                _close
 .text._fstat   0x0800163a        0xa CMakeFiles/WaveFormCreator.elf.dir/Core/Src/syscalls.c.obj
                0x0800163a                _fstat
 .text._isatty  0x08001644        0x4 CMakeFiles/WaveFormCreator.elf.dir/Core/Src/syscalls.c.obj
                0x08001644                _isatty
 .text._lseek   0x08001648        0x4 CMakeFiles/WaveFormCreator.elf.dir/Core/Src/syscalls.c.obj
                0x08001648                _lseek
 .text._sbrk    0x0800164c       0x48 CMakeFiles/WaveFormCreator.elf.dir/Core/Src/sysmem.c.obj
                0x0800164c                _sbrk
 .text.SystemInit
                0x08001694        0x2 CMakeFiles/WaveFormCreator.elf.dir/Core/Src/system_stm32f1xx.c.obj
                0x08001694                SystemInit
 *fill*         0x08001696        0x2 
 .text.MX_USART1_UART_Init
                0x08001698       0x34 CMakeFiles/WaveFormCreator.elf.dir/Core/Src/usart.c.obj
                0x08001698                MX_USART1_UART_Init
 .text.MX_USART3_UART_Init
                0x080016cc       0x34 CMakeFiles/WaveFormCreator.elf.dir/Core/Src/usart.c.obj
                0x080016cc                MX_USART3_UART_Init
 .text.HAL_UART_MspInit
                0x08001700      0x16c CMakeFiles/WaveFormCreator.elf.dir/Core/Src/usart.c.obj
                0x08001700                HAL_UART_MspInit
 .text.Reset_Handler
                0x0800186c       0x48 CMakeFiles/WaveFormCreator.elf.dir/Core/Startup/startup_stm32f103c8tx.s.obj
                0x0800186c                Reset_Handler
 .text.Default_Handler
                0x080018b4        0x2 CMakeFiles/WaveFormCreator.elf.dir/Core/Startup/startup_stm32f103c8tx.s.obj
                0x080018b4                RTC_Alarm_IRQHandler
                0x080018b4                EXTI2_IRQHandler
                0x080018b4                TIM1_CC_IRQHandler
                0x080018b4                PVD_IRQHandler
                0x080018b4                EXTI3_IRQHandler
                0x080018b4                EXTI0_IRQHandler
                0x080018b4                I2C2_EV_IRQHandler
                0x080018b4                ADC1_2_IRQHandler
                0x080018b4                SPI1_IRQHandler
                0x080018b4                TAMPER_IRQHandler
                0x080018b4                RTC_IRQHandler
                0x080018b4                DMA1_Channel7_IRQHandler
                0x080018b4                CAN1_RX1_IRQHandler
                0x080018b4                TIM4_IRQHandler
                0x080018b4                I2C1_EV_IRQHandler
                0x080018b4                DMA1_Channel6_IRQHandler
                0x080018b4                TIM3_IRQHandler
                0x080018b4                RCC_IRQHandler
                0x080018b4                TIM1_TRG_COM_IRQHandler
                0x080018b4                DMA1_Channel1_IRQHandler
                0x080018b4                Default_Handler
                0x080018b4                EXTI15_10_IRQHandler
                0x080018b4                EXTI9_5_IRQHandler
                0x080018b4                SPI2_IRQHandler
                0x080018b4                EXTI4_IRQHandler
                0x080018b4                USB_LP_CAN1_RX0_IRQHandler
                0x080018b4                USB_HP_CAN1_TX_IRQHandler
                0x080018b4                DMA1_Channel3_IRQHandler
                0x080018b4                TIM1_UP_IRQHandler
                0x080018b4                WWDG_IRQHandler
                0x080018b4                TIM2_IRQHandler
                0x080018b4                TIM1_BRK_IRQHandler
                0x080018b4                EXTI1_IRQHandler
                0x080018b4                USART2_IRQHandler
                0x080018b4                I2C2_ER_IRQHandler
                0x080018b4                DMA1_Channel2_IRQHandler
                0x080018b4                CAN1_SCE_IRQHandler
                0x080018b4                FLASH_IRQHandler
                0x080018b4                I2C1_ER_IRQHandler
                0x080018b4                USBWakeUp_IRQHandler
 *fill*         0x080018b6        0x2 
 .text.HAL_InitTick
                0x080018b8       0x4c CMakeFiles/WaveFormCreator.elf.dir/Drivers/STM32F1xx_HAL_Driver/Src/stm32f1xx_hal.c.obj
                0x080018b8                HAL_InitTick
 .text.HAL_Init
                0x08001904       0x24 CMakeFiles/WaveFormCreator.elf.dir/Drivers/STM32F1xx_HAL_Driver/Src/stm32f1xx_hal.c.obj
                0x08001904                HAL_Init
 .text.HAL_GetTick
                0x08001928        0xc CMakeFiles/WaveFormCreator.elf.dir/Drivers/STM32F1xx_HAL_Driver/Src/stm32f1xx_hal.c.obj
                0x08001928                HAL_GetTick
 .text.HAL_Delay
                0x08001934       0x28 CMakeFiles/WaveFormCreator.elf.dir/Drivers/STM32F1xx_HAL_Driver/Src/stm32f1xx_hal.c.obj
                0x08001934                HAL_Delay
 .text.__NVIC_SetPriority
                0x0800195c       0x28 CMakeFiles/WaveFormCreator.elf.dir/Drivers/STM32F1xx_HAL_Driver/Src/stm32f1xx_hal_cortex.c.obj
 .text.NVIC_EncodePriority
                0x08001984       0x3e CMakeFiles/WaveFormCreator.elf.dir/Drivers/STM32F1xx_HAL_Driver/Src/stm32f1xx_hal_cortex.c.obj
 *fill*         0x080019c2        0x2 
 .text.HAL_NVIC_SetPriorityGrouping
                0x080019c4       0x24 CMakeFiles/WaveFormCreator.elf.dir/Drivers/STM32F1xx_HAL_Driver/Src/stm32f1xx_hal_cortex.c.obj
                0x080019c4                HAL_NVIC_SetPriorityGrouping
 .text.HAL_NVIC_SetPriority
                0x080019e8       0x20 CMakeFiles/WaveFormCreator.elf.dir/Drivers/STM32F1xx_HAL_Driver/Src/stm32f1xx_hal_cortex.c.obj
                0x080019e8                HAL_NVIC_SetPriority
 .text.HAL_NVIC_EnableIRQ
                0x08001a08       0x1c CMakeFiles/WaveFormCreator.elf.dir/Drivers/STM32F1xx_HAL_Driver/Src/stm32f1xx_hal_cortex.c.obj
                0x08001a08                HAL_NVIC_EnableIRQ
 .text.HAL_SYSTICK_Config
                0x08001a24       0x28 CMakeFiles/WaveFormCreator.elf.dir/Drivers/STM32F1xx_HAL_Driver/Src/stm32f1xx_hal_cortex.c.obj
                0x08001a24                HAL_SYSTICK_Config
 .text.DMA_SetConfig
                0x08001a4c       0x2c CMakeFiles/WaveFormCreator.elf.dir/Drivers/STM32F1xx_HAL_Driver/Src/stm32f1xx_hal_dma.c.obj
 .text.HAL_DMA_Init
                0x08001a78       0x68 CMakeFiles/WaveFormCreator.elf.dir/Drivers/STM32F1xx_HAL_Driver/Src/stm32f1xx_hal_dma.c.obj
                0x08001a78                HAL_DMA_Init
 .text.HAL_DMA_Start_IT
                0x08001ae0       0x76 CMakeFiles/WaveFormCreator.elf.dir/Drivers/STM32F1xx_HAL_Driver/Src/stm32f1xx_hal_dma.c.obj
                0x08001ae0                HAL_DMA_Start_IT
 .text.HAL_DMA_Abort
                0x08001b56       0x46 CMakeFiles/WaveFormCreator.elf.dir/Drivers/STM32F1xx_HAL_Driver/Src/stm32f1xx_hal_dma.c.obj
                0x08001b56                HAL_DMA_Abort
 .text.HAL_DMA_Abort_IT
                0x08001b9c       0x98 CMakeFiles/WaveFormCreator.elf.dir/Drivers/STM32F1xx_HAL_Driver/Src/stm32f1xx_hal_dma.c.obj
                0x08001b9c                HAL_DMA_Abort_IT
 .text.HAL_DMA_IRQHandler
                0x08001c34      0x144 CMakeFiles/WaveFormCreator.elf.dir/Drivers/STM32F1xx_HAL_Driver/Src/stm32f1xx_hal_dma.c.obj
                0x08001c34                HAL_DMA_IRQHandler
 .text.HAL_GPIO_Init
                0x08001d78      0x21c CMakeFiles/WaveFormCreator.elf.dir/Drivers/STM32F1xx_HAL_Driver/Src/stm32f1xx_hal_gpio.c.obj
                0x08001d78                HAL_GPIO_Init
 .text.HAL_GPIO_WritePin
                0x08001f94        0xc CMakeFiles/WaveFormCreator.elf.dir/Drivers/STM32F1xx_HAL_Driver/Src/stm32f1xx_hal_gpio.c.obj
                0x08001f94                HAL_GPIO_WritePin
 .text.HAL_GPIO_TogglePin
                0x08001fa0       0x12 CMakeFiles/WaveFormCreator.elf.dir/Drivers/STM32F1xx_HAL_Driver/Src/stm32f1xx_hal_gpio.c.obj
                0x08001fa0                HAL_GPIO_TogglePin
 .text.I2C_IsAcknowledgeFailed
                0x08001fb2       0x32 CMakeFiles/WaveFormCreator.elf.dir/Drivers/STM32F1xx_HAL_Driver/Src/stm32f1xx_hal_i2c.c.obj
 .text.I2C_WaitOnFlagUntilTimeout
                0x08001fe4       0xaa CMakeFiles/WaveFormCreator.elf.dir/Drivers/STM32F1xx_HAL_Driver/Src/stm32f1xx_hal_i2c.c.obj
 .text.I2C_WaitOnMasterAddressFlagUntilTimeout
                0x0800208e       0xd6 CMakeFiles/WaveFormCreator.elf.dir/Drivers/STM32F1xx_HAL_Driver/Src/stm32f1xx_hal_i2c.c.obj
 .text.I2C_WaitOnTXEFlagUntilTimeout
                0x08002164       0x5e CMakeFiles/WaveFormCreator.elf.dir/Drivers/STM32F1xx_HAL_Driver/Src/stm32f1xx_hal_i2c.c.obj
 *fill*         0x080021c2        0x2 
 .text.I2C_RequestMemoryWrite
                0x080021c4       0xd8 CMakeFiles/WaveFormCreator.elf.dir/Drivers/STM32F1xx_HAL_Driver/Src/stm32f1xx_hal_i2c.c.obj
 .text.I2C_WaitOnBTFFlagUntilTimeout
                0x0800229c       0x5e CMakeFiles/WaveFormCreator.elf.dir/Drivers/STM32F1xx_HAL_Driver/Src/stm32f1xx_hal_i2c.c.obj
 *fill*         0x080022fa        0x2 
 .text.HAL_I2C_Init
                0x080022fc      0x1bc CMakeFiles/WaveFormCreator.elf.dir/Drivers/STM32F1xx_HAL_Driver/Src/stm32f1xx_hal_i2c.c.obj
                0x080022fc                HAL_I2C_Init
 .text.HAL_I2C_Mem_Write
                0x080024b8      0x164 CMakeFiles/WaveFormCreator.elf.dir/Drivers/STM32F1xx_HAL_Driver/Src/stm32f1xx_hal_i2c.c.obj
                0x080024b8                HAL_I2C_Mem_Write
 .text.RCC_Delay
                0x0800261c       0x2c CMakeFiles/WaveFormCreator.elf.dir/Drivers/STM32F1xx_HAL_Driver/Src/stm32f1xx_hal_rcc.c.obj
 .text.HAL_RCC_OscConfig
                0x08002648      0x410 CMakeFiles/WaveFormCreator.elf.dir/Drivers/STM32F1xx_HAL_Driver/Src/stm32f1xx_hal_rcc.c.obj
                0x08002648                HAL_RCC_OscConfig
 .text.HAL_RCC_GetSysClockFreq
                0x08002a58       0x54 CMakeFiles/WaveFormCreator.elf.dir/Drivers/STM32F1xx_HAL_Driver/Src/stm32f1xx_hal_rcc.c.obj
                0x08002a58                HAL_RCC_GetSysClockFreq
 .text.HAL_RCC_ClockConfig
                0x08002aac      0x16c CMakeFiles/WaveFormCreator.elf.dir/Drivers/STM32F1xx_HAL_Driver/Src/stm32f1xx_hal_rcc.c.obj
                0x08002aac                HAL_RCC_ClockConfig
 .text.HAL_RCC_GetHCLKFreq
                0x08002c18        0xc CMakeFiles/WaveFormCreator.elf.dir/Drivers/STM32F1xx_HAL_Driver/Src/stm32f1xx_hal_rcc.c.obj
                0x08002c18                HAL_RCC_GetHCLKFreq
 .text.HAL_RCC_GetPCLK1Freq
                0x08002c24       0x20 CMakeFiles/WaveFormCreator.elf.dir/Drivers/STM32F1xx_HAL_Driver/Src/stm32f1xx_hal_rcc.c.obj
                0x08002c24                HAL_RCC_GetPCLK1Freq
 .text.HAL_RCC_GetPCLK2Freq
                0x08002c44       0x20 CMakeFiles/WaveFormCreator.elf.dir/Drivers/STM32F1xx_HAL_Driver/Src/stm32f1xx_hal_rcc.c.obj
                0x08002c44                HAL_RCC_GetPCLK2Freq
 .text.UART_EndTxTransfer
                0x08002c64       0x20 CMakeFiles/WaveFormCreator.elf.dir/Drivers/STM32F1xx_HAL_Driver/Src/stm32f1xx_hal_uart.c.obj
 .text.UART_EndRxTransfer
                0x08002c84       0x5c CMakeFiles/WaveFormCreator.elf.dir/Drivers/STM32F1xx_HAL_Driver/Src/stm32f1xx_hal_uart.c.obj
 .text.UART_Transmit_IT
                0x08002ce0       0x60 CMakeFiles/WaveFormCreator.elf.dir/Drivers/STM32F1xx_HAL_Driver/Src/stm32f1xx_hal_uart.c.obj
 .text.UART_SetConfig
                0x08002d40       0x94 CMakeFiles/WaveFormCreator.elf.dir/Drivers/STM32F1xx_HAL_Driver/Src/stm32f1xx_hal_uart.c.obj
 .text.UART_WaitOnFlagUntilTimeout
                0x08002dd4       0x84 CMakeFiles/WaveFormCreator.elf.dir/Drivers/STM32F1xx_HAL_Driver/Src/stm32f1xx_hal_uart.c.obj
 .text.HAL_UART_Init
                0x08002e58       0x60 CMakeFiles/WaveFormCreator.elf.dir/Drivers/STM32F1xx_HAL_Driver/Src/stm32f1xx_hal_uart.c.obj
                0x08002e58                HAL_UART_Init
 .text.HAL_UART_Transmit
                0x08002eb8       0xbe CMakeFiles/WaveFormCreator.elf.dir/Drivers/STM32F1xx_HAL_Driver/Src/stm32f1xx_hal_uart.c.obj
                0x08002eb8                HAL_UART_Transmit
 .text.HAL_UART_DMAStop
                0x08002f76       0x84 CMakeFiles/WaveFormCreator.elf.dir/Drivers/STM32F1xx_HAL_Driver/Src/stm32f1xx_hal_uart.c.obj
                0x08002f76                HAL_UART_DMAStop
 .text.HAL_UART_TxCpltCallback
                0x08002ffa        0x2 CMakeFiles/WaveFormCreator.elf.dir/Drivers/STM32F1xx_HAL_Driver/Src/stm32f1xx_hal_uart.c.obj
                0x08002ffa                HAL_UART_TxCpltCallback
 .text.UART_EndTransmit_IT
                0x08002ffc       0x1a CMakeFiles/WaveFormCreator.elf.dir/Drivers/STM32F1xx_HAL_Driver/Src/stm32f1xx_hal_uart.c.obj
 .text.HAL_UART_RxCpltCallback
                0x08003016        0x2 CMakeFiles/WaveFormCreator.elf.dir/Drivers/STM32F1xx_HAL_Driver/Src/stm32f1xx_hal_uart.c.obj
                0x08003016                HAL_UART_RxCpltCallback
 .text.HAL_UART_RxHalfCpltCallback
                0x08003018        0x2 CMakeFiles/WaveFormCreator.elf.dir/Drivers/STM32F1xx_HAL_Driver/Src/stm32f1xx_hal_uart.c.obj
                0x08003018                HAL_UART_RxHalfCpltCallback
 .text.HAL_UART_ErrorCallback
                0x0800301a        0x2 CMakeFiles/WaveFormCreator.elf.dir/Drivers/STM32F1xx_HAL_Driver/Src/stm32f1xx_hal_uart.c.obj
                0x0800301a                HAL_UART_ErrorCallback
 .text.UART_DMAError
                0x0800301c       0x58 CMakeFiles/WaveFormCreator.elf.dir/Drivers/STM32F1xx_HAL_Driver/Src/stm32f1xx_hal_uart.c.obj
 .text.UART_DMAAbortOnError
                0x08003074       0x10 CMakeFiles/WaveFormCreator.elf.dir/Drivers/STM32F1xx_HAL_Driver/Src/stm32f1xx_hal_uart.c.obj
 .text.HAL_UARTEx_RxEventCallback
                0x08003084        0x2 CMakeFiles/WaveFormCreator.elf.dir/Drivers/STM32F1xx_HAL_Driver/Src/stm32f1xx_hal_uart.c.obj
                0x08003084                HAL_UARTEx_RxEventCallback
 .text.UART_Receive_IT
                0x08003086       0xe6 CMakeFiles/WaveFormCreator.elf.dir/Drivers/STM32F1xx_HAL_Driver/Src/stm32f1xx_hal_uart.c.obj
 .text.HAL_UART_IRQHandler
                0x0800316c      0x284 CMakeFiles/WaveFormCreator.elf.dir/Drivers/STM32F1xx_HAL_Driver/Src/stm32f1xx_hal_uart.c.obj
                0x0800316c                HAL_UART_IRQHandler
 .text.UART_DMARxHalfCplt
                0x080033f0       0x1e CMakeFiles/WaveFormCreator.elf.dir/Drivers/STM32F1xx_HAL_Driver/Src/stm32f1xx_hal_uart.c.obj
 .text.UART_DMAReceiveCplt
                0x0800340e       0x9a CMakeFiles/WaveFormCreator.elf.dir/Drivers/STM32F1xx_HAL_Driver/Src/stm32f1xx_hal_uart.c.obj
 .text.UART_Start_Receive_DMA
                0x080034a8       0xa4 CMakeFiles/WaveFormCreator.elf.dir/Drivers/STM32F1xx_HAL_Driver/Src/stm32f1xx_hal_uart.c.obj
                0x080034a8                UART_Start_Receive_DMA
 .text.HAL_UART_Receive_DMA
                0x0800354c       0x26 CMakeFiles/WaveFormCreator.elf.dir/Drivers/STM32F1xx_HAL_Driver/Src/stm32f1xx_hal_uart.c.obj
                0x0800354c                HAL_UART_Receive_DMA
 *fill*         0x08003572        0x2 
 .text.atof     0x08003574        0x8 C:/PROGRA~2/ARMGNU~1/13C7F1~1.2RE/bin/../lib/gcc/arm-none-eabi/13.2.1/thumb/v7-m/nofp\libg.a(libc_a-atof.o)
                0x08003574                atof
 .text.atoi     0x0800357c        0x8 C:/PROGRA~2/ARMGNU~1/13C7F1~1.2RE/bin/../lib/gcc/arm-none-eabi/13.2.1/thumb/v7-m/nofp\libg.a(libc_a-atoi.o)
                0x0800357c                atoi
 *fill*         0x08003584        0x4 
 .text._strtod_l
                0x08003588      0xf90 C:/PROGRA~2/ARMGNU~1/13C7F1~1.2RE/bin/../lib/gcc/arm-none-eabi/13.2.1/thumb/v7-m/nofp\libg.a(libc_a-strtod.o)
                0x08003588                _strtod_l
 .text.strtod   0x08004518       0x18 C:/PROGRA~2/ARMGNU~1/13C7F1~1.2RE/bin/../lib/gcc/arm-none-eabi/13.2.1/thumb/v7-m/nofp\libg.a(libc_a-strtod.o)
                0x08004518                strtod
 .text._strtol_l.isra.0
                0x08004530      0x138 C:/PROGRA~2/ARMGNU~1/13C7F1~1.2RE/bin/../lib/gcc/arm-none-eabi/13.2.1/thumb/v7-m/nofp\libg.a(libc_a-strtol.o)
 .text.strtol   0x08004668       0x1c C:/PROGRA~2/ARMGNU~1/13C7F1~1.2RE/bin/../lib/gcc/arm-none-eabi/13.2.1/thumb/v7-m/nofp\libg.a(libc_a-strtol.o)
                0x08004668                strtol
 .text.stdio_exit_handler
                0x08004684       0x18 C:/PROGRA~2/ARMGNU~1/13C7F1~1.2RE/bin/../lib/gcc/arm-none-eabi/13.2.1/thumb/v7-m/nofp\libg.a(libc_a-findfp.o)
 .text.cleanup_stdio
                0x0800469c       0x40 C:/PROGRA~2/ARMGNU~1/13C7F1~1.2RE/bin/../lib/gcc/arm-none-eabi/13.2.1/thumb/v7-m/nofp\libg.a(libc_a-findfp.o)
 .text.global_stdio_init.part.0
                0x080046dc       0xf0 C:/PROGRA~2/ARMGNU~1/13C7F1~1.2RE/bin/../lib/gcc/arm-none-eabi/13.2.1/thumb/v7-m/nofp\libg.a(libc_a-findfp.o)
 .text.__sinit  0x080047cc       0x3c C:/PROGRA~2/ARMGNU~1/13C7F1~1.2RE/bin/../lib/gcc/arm-none-eabi/13.2.1/thumb/v7-m/nofp\libg.a(libc_a-findfp.o)
                0x080047cc                __sinit
 .text.__sfp_lock_acquire
                0x08004808        0xc C:/PROGRA~2/ARMGNU~1/13C7F1~1.2RE/bin/../lib/gcc/arm-none-eabi/13.2.1/thumb/v7-m/nofp\libg.a(libc_a-findfp.o)
                0x08004808                __sfp_lock_acquire
 .text.__sfp_lock_release
                0x08004814        0xc C:/PROGRA~2/ARMGNU~1/13C7F1~1.2RE/bin/../lib/gcc/arm-none-eabi/13.2.1/thumb/v7-m/nofp\libg.a(libc_a-findfp.o)
                0x08004814                __sfp_lock_release
 .text._fwalk_sglue
                0x08004820       0x44 C:/PROGRA~2/ARMGNU~1/13C7F1~1.2RE/bin/../lib/gcc/arm-none-eabi/13.2.1/thumb/v7-m/nofp\libg.a(libc_a-fwalk.o)
                0x08004820                _fwalk_sglue
 .text.printf   0x08004864       0x28 C:/PROGRA~2/ARMGNU~1/13C7F1~1.2RE/bin/../lib/gcc/arm-none-eabi/13.2.1/thumb/v7-m/nofp\libg.a(libc_a-printf.o)
                0x08004864                printf
 .text._puts_r  0x0800488c       0x98 C:/PROGRA~2/ARMGNU~1/13C7F1~1.2RE/bin/../lib/gcc/arm-none-eabi/13.2.1/thumb/v7-m/nofp\libg.a(libc_a-puts.o)
                0x0800488c                _puts_r
 .text.puts     0x08004924       0x10 C:/PROGRA~2/ARMGNU~1/13C7F1~1.2RE/bin/../lib/gcc/arm-none-eabi/13.2.1/thumb/v7-m/nofp\libg.a(libc_a-puts.o)
                0x08004924                puts
 .text.snprintf
                0x08004934       0x84 C:/PROGRA~2/ARMGNU~1/13C7F1~1.2RE/bin/../lib/gcc/arm-none-eabi/13.2.1/thumb/v7-m/nofp\libg.a(libc_a-snprintf.o)
                0x08004934                snprintf
 .text.__sread  0x080049b8       0x24 C:/PROGRA~2/ARMGNU~1/13C7F1~1.2RE/bin/../lib/gcc/arm-none-eabi/13.2.1/thumb/v7-m/nofp\libg.a(libc_a-stdio.o)
                0x080049b8                __sread
 .text.__swrite
                0x080049dc       0x40 C:/PROGRA~2/ARMGNU~1/13C7F1~1.2RE/bin/../lib/gcc/arm-none-eabi/13.2.1/thumb/v7-m/nofp\libg.a(libc_a-stdio.o)
                0x080049dc                __swrite
 .text.__sseek  0x08004a1c       0x24 C:/PROGRA~2/ARMGNU~1/13C7F1~1.2RE/bin/../lib/gcc/arm-none-eabi/13.2.1/thumb/v7-m/nofp\libg.a(libc_a-stdio.o)
                0x08004a1c                __sseek
 .text.__sclose
                0x08004a40        0x8 C:/PROGRA~2/ARMGNU~1/13C7F1~1.2RE/bin/../lib/gcc/arm-none-eabi/13.2.1/thumb/v7-m/nofp\libg.a(libc_a-stdio.o)
                0x08004a40                __sclose
 .text.memset   0x08004a48       0xa0 C:/PROGRA~2/ARMGNU~1/13C7F1~1.2RE/bin/../lib/gcc/arm-none-eabi/13.2.1/thumb/v7-m/nofp\libg.a(libc_a-memset.o)
                0x08004a48                memset
 .text.strncmp  0x08004ae8       0x8c C:/PROGRA~2/ARMGNU~1/13C7F1~1.2RE/bin/../lib/gcc/arm-none-eabi/13.2.1/thumb/v7-m/nofp\libg.a(libc_a-strncmp.o)
                0x08004ae8                strncmp
 .text.strncpy  0x08004b74       0x6c C:/PROGRA~2/ARMGNU~1/13C7F1~1.2RE/bin/../lib/gcc/arm-none-eabi/13.2.1/thumb/v7-m/nofp\libg.a(libc_a-strncpy.o)
                0x08004b74                strncpy
 .text.__locale_mb_cur_max
                0x08004be0        0xc C:/PROGRA~2/ARMGNU~1/13C7F1~1.2RE/bin/../lib/gcc/arm-none-eabi/13.2.1/thumb/v7-m/nofp\libg.a(libc_a-locale.o)
                0x08004be0                __locale_mb_cur_max
 .text._close_r
                0x08004bec       0x24 C:/PROGRA~2/ARMGNU~1/13C7F1~1.2RE/bin/../lib/gcc/arm-none-eabi/13.2.1/thumb/v7-m/nofp\libg.a(libc_a-closer.o)
                0x08004bec                _close_r
 .text._lseek_r
                0x08004c10       0x2c C:/PROGRA~2/ARMGNU~1/13C7F1~1.2RE/bin/../lib/gcc/arm-none-eabi/13.2.1/thumb/v7-m/nofp\libg.a(libc_a-lseekr.o)
                0x08004c10                _lseek_r
 .text._read_r  0x08004c3c       0x2c C:/PROGRA~2/ARMGNU~1/13C7F1~1.2RE/bin/../lib/gcc/arm-none-eabi/13.2.1/thumb/v7-m/nofp\libg.a(libc_a-readr.o)
                0x08004c3c                _read_r
 .text._write_r
                0x08004c68       0x2c C:/PROGRA~2/ARMGNU~1/13C7F1~1.2RE/bin/../lib/gcc/arm-none-eabi/13.2.1/thumb/v7-m/nofp\libg.a(libc_a-writer.o)
                0x08004c68                _write_r
 .text.__errno  0x08004c94        0xc C:/PROGRA~2/ARMGNU~1/13C7F1~1.2RE/bin/../lib/gcc/arm-none-eabi/13.2.1/thumb/v7-m/nofp\libg.a(libc_a-errno.o)
                0x08004c94                __errno
 .text.__libc_init_array
                0x08004ca0       0x50 C:/PROGRA~2/ARMGNU~1/13C7F1~1.2RE/bin/../lib/gcc/arm-none-eabi/13.2.1/thumb/v7-m/nofp\libg.a(libc_a-init.o)
                0x08004ca0                __libc_init_array
 .text.__retarget_lock_init_recursive
                0x08004cf0        0x4 C:/PROGRA~2/ARMGNU~1/13C7F1~1.2RE/bin/../lib/gcc/arm-none-eabi/13.2.1/thumb/v7-m/nofp\libg.a(libc_a-lock.o)
                0x08004cf0                __retarget_lock_init_recursive
 .text.__retarget_lock_close_recursive
                0x08004cf4        0x4 C:/PROGRA~2/ARMGNU~1/13C7F1~1.2RE/bin/../lib/gcc/arm-none-eabi/13.2.1/thumb/v7-m/nofp\libg.a(libc_a-lock.o)
                0x08004cf4                __retarget_lock_close_recursive
 .text.__retarget_lock_acquire_recursive
                0x08004cf8        0x4 C:/PROGRA~2/ARMGNU~1/13C7F1~1.2RE/bin/../lib/gcc/arm-none-eabi/13.2.1/thumb/v7-m/nofp\libg.a(libc_a-lock.o)
                0x08004cf8                __retarget_lock_acquire_recursive
 .text.__retarget_lock_release_recursive
                0x08004cfc        0x4 C:/PROGRA~2/ARMGNU~1/13C7F1~1.2RE/bin/../lib/gcc/arm-none-eabi/13.2.1/thumb/v7-m/nofp\libg.a(libc_a-lock.o)
                0x08004cfc                __retarget_lock_release_recursive
 .text.strlen   0x08004d00       0x5c C:/PROGRA~2/ARMGNU~1/13C7F1~1.2RE/bin/../lib/gcc/arm-none-eabi/13.2.1/thumb/v7-m/nofp\libg.a(libc_a-strlen-stub.o)
                0x08004d00                strlen
 .text.nan      0x08004d5c        0xc C:/PROGRA~2/ARMGNU~1/13C7F1~1.2RE/bin/../lib/gcc/arm-none-eabi/13.2.1/thumb/v7-m/nofp\libg.a(libm_a-s_nan.o)
                0x08004d5c                nan
 .text.startup.register_fini
                0x08004d68       0x14 C:/PROGRA~2/ARMGNU~1/13C7F1~1.2RE/bin/../lib/gcc/arm-none-eabi/13.2.1/thumb/v7-m/nofp\libg.a(libc_a-__call_atexit.o)
 .text.atexit   0x08004d7c        0xc C:/PROGRA~2/ARMGNU~1/13C7F1~1.2RE/bin/../lib/gcc/arm-none-eabi/13.2.1/thumb/v7-m/nofp\libg.a(libc_a-atexit.o)
                0x08004d7c                atexit
 .text._malloc_trim_r
                0x08004d88       0xb8 C:/PROGRA~2/ARMGNU~1/13C7F1~1.2RE/bin/../lib/gcc/arm-none-eabi/13.2.1/thumb/v7-m/nofp\libg.a(libc_a-freer.o)
                0x08004d88                _malloc_trim_r
 .text._free_r  0x08004e40      0x1f8 C:/PROGRA~2/ARMGNU~1/13C7F1~1.2RE/bin/../lib/gcc/arm-none-eabi/13.2.1/thumb/v7-m/nofp\libg.a(libc_a-freer.o)
                0x08004e40                _free_r
 .text.rshift   0x08005038       0xa4 C:/PROGRA~2/ARMGNU~1/13C7F1~1.2RE/bin/../lib/gcc/arm-none-eabi/13.2.1/thumb/v7-m/nofp\libg.a(libc_a-gdtoa-gethex.o)
 .text.__gethex
                0x080050dc      0x5a8 C:/PROGRA~2/ARMGNU~1/13C7F1~1.2RE/bin/../lib/gcc/arm-none-eabi/13.2.1/thumb/v7-m/nofp\libg.a(libc_a-gdtoa-gethex.o)
                0x080050dc                __gethex
 .text.__match  0x08005684       0x34 C:/PROGRA~2/ARMGNU~1/13C7F1~1.2RE/bin/../lib/gcc/arm-none-eabi/13.2.1/thumb/v7-m/nofp\libg.a(libc_a-gdtoa-hexnan.o)
                0x08005684                __match
 .text.__hexnan
                0x080056b8      0x1d0 C:/PROGRA~2/ARMGNU~1/13C7F1~1.2RE/bin/../lib/gcc/arm-none-eabi/13.2.1/thumb/v7-m/nofp\libg.a(libc_a-gdtoa-hexnan.o)
                0x080056b8                __hexnan
 .text._malloc_r
                0x08005888      0x568 C:/PROGRA~2/ARMGNU~1/13C7F1~1.2RE/bin/../lib/gcc/arm-none-eabi/13.2.1/thumb/v7-m/nofp\libg.a(libc_a-mallocr.o)
                0x08005888                _malloc_r
 .text.__ascii_mbtowc
                0x08005df0       0x2c C:/PROGRA~2/ARMGNU~1/13C7F1~1.2RE/bin/../lib/gcc/arm-none-eabi/13.2.1/thumb/v7-m/nofp\libg.a(libc_a-mbtowc_r.o)
                0x08005df0                __ascii_mbtowc
 .text.__malloc_lock
                0x08005e1c        0xc C:/PROGRA~2/ARMGNU~1/13C7F1~1.2RE/bin/../lib/gcc/arm-none-eabi/13.2.1/thumb/v7-m/nofp\libg.a(libc_a-mlock.o)
                0x08005e1c                __malloc_lock
 .text.__malloc_unlock
                0x08005e28        0xc C:/PROGRA~2/ARMGNU~1/13C7F1~1.2RE/bin/../lib/gcc/arm-none-eabi/13.2.1/thumb/v7-m/nofp\libg.a(libc_a-mlock.o)
                0x08005e28                __malloc_unlock
 .text._Balloc  0x08005e34       0x4c C:/PROGRA~2/ARMGNU~1/13C7F1~1.2RE/bin/../lib/gcc/arm-none-eabi/13.2.1/thumb/v7-m/nofp\libg.a(libc_a-mprec.o)
                0x08005e34                _Balloc
 .text._Bfree   0x08005e80       0x14 C:/PROGRA~2/ARMGNU~1/13C7F1~1.2RE/bin/../lib/gcc/arm-none-eabi/13.2.1/thumb/v7-m/nofp\libg.a(libc_a-mprec.o)
                0x08005e80                _Bfree
 .text.__multadd
                0x08005e94       0xa4 C:/PROGRA~2/ARMGNU~1/13C7F1~1.2RE/bin/../lib/gcc/arm-none-eabi/13.2.1/thumb/v7-m/nofp\libg.a(libc_a-mprec.o)
                0x08005e94                __multadd
 .text.__s2b    0x08005f38       0xb0 C:/PROGRA~2/ARMGNU~1/13C7F1~1.2RE/bin/../lib/gcc/arm-none-eabi/13.2.1/thumb/v7-m/nofp\libg.a(libc_a-mprec.o)
                0x08005f38                __s2b
 .text.__hi0bits
                0x08005fe8       0x44 C:/PROGRA~2/ARMGNU~1/13C7F1~1.2RE/bin/../lib/gcc/arm-none-eabi/13.2.1/thumb/v7-m/nofp\libg.a(libc_a-mprec.o)
                0x08005fe8                __hi0bits
 .text.__lo0bits
                0x0800602c       0x5c C:/PROGRA~2/ARMGNU~1/13C7F1~1.2RE/bin/../lib/gcc/arm-none-eabi/13.2.1/thumb/v7-m/nofp\libg.a(libc_a-mprec.o)
                0x0800602c                __lo0bits
 .text.__i2b    0x08006088       0x5c C:/PROGRA~2/ARMGNU~1/13C7F1~1.2RE/bin/../lib/gcc/arm-none-eabi/13.2.1/thumb/v7-m/nofp\libg.a(libc_a-mprec.o)
                0x08006088                __i2b
 .text.__multiply
                0x080060e4      0x164 C:/PROGRA~2/ARMGNU~1/13C7F1~1.2RE/bin/../lib/gcc/arm-none-eabi/13.2.1/thumb/v7-m/nofp\libg.a(libc_a-mprec.o)
                0x080060e4                __multiply
 .text.__pow5mult
                0x08006248       0xb4 C:/PROGRA~2/ARMGNU~1/13C7F1~1.2RE/bin/../lib/gcc/arm-none-eabi/13.2.1/thumb/v7-m/nofp\libg.a(libc_a-mprec.o)
                0x08006248                __pow5mult
 .text.__lshift
                0x080062fc       0xec C:/PROGRA~2/ARMGNU~1/13C7F1~1.2RE/bin/../lib/gcc/arm-none-eabi/13.2.1/thumb/v7-m/nofp\libg.a(libc_a-mprec.o)
                0x080062fc                __lshift
 .text.__mcmp   0x080063e8       0x40 C:/PROGRA~2/ARMGNU~1/13C7F1~1.2RE/bin/../lib/gcc/arm-none-eabi/13.2.1/thumb/v7-m/nofp\libg.a(libc_a-mprec.o)
                0x080063e8                __mcmp
 .text.__mdiff  0x08006428      0x178 C:/PROGRA~2/ARMGNU~1/13C7F1~1.2RE/bin/../lib/gcc/arm-none-eabi/13.2.1/thumb/v7-m/nofp\libg.a(libc_a-mprec.o)
                0x08006428                __mdiff
 .text.__ulp    0x080065a0       0x50 C:/PROGRA~2/ARMGNU~1/13C7F1~1.2RE/bin/../lib/gcc/arm-none-eabi/13.2.1/thumb/v7-m/nofp\libg.a(libc_a-mprec.o)
                0x080065a0                __ulp
 .text.__b2d    0x080065f0       0xb4 C:/PROGRA~2/ARMGNU~1/13C7F1~1.2RE/bin/../lib/gcc/arm-none-eabi/13.2.1/thumb/v7-m/nofp\libg.a(libc_a-mprec.o)
                0x080065f0                __b2d
 .text.__d2b    0x080066a4       0xbc C:/PROGRA~2/ARMGNU~1/13C7F1~1.2RE/bin/../lib/gcc/arm-none-eabi/13.2.1/thumb/v7-m/nofp\libg.a(libc_a-mprec.o)
                0x080066a4                __d2b
 .text.__ratio  0x08006760       0x5c C:/PROGRA~2/ARMGNU~1/13C7F1~1.2RE/bin/../lib/gcc/arm-none-eabi/13.2.1/thumb/v7-m/nofp\libg.a(libc_a-mprec.o)
                0x08006760                __ratio
 .text.__copybits
                0x080067bc       0x60 C:/PROGRA~2/ARMGNU~1/13C7F1~1.2RE/bin/../lib/gcc/arm-none-eabi/13.2.1/thumb/v7-m/nofp\libg.a(libc_a-mprec.o)
                0x080067bc                __copybits
 .text.__any_on
                0x0800681c       0x58 C:/PROGRA~2/ARMGNU~1/13C7F1~1.2RE/bin/../lib/gcc/arm-none-eabi/13.2.1/thumb/v7-m/nofp\libg.a(libc_a-mprec.o)
                0x0800681c                __any_on
 .text.__ascii_wctomb
                0x08006874       0x1c C:/PROGRA~2/ARMGNU~1/13C7F1~1.2RE/bin/../lib/gcc/arm-none-eabi/13.2.1/thumb/v7-m/nofp\libg.a(libc_a-wctomb_r.o)
                0x08006874                __ascii_wctomb
 .text._svfprintf_r
                0x08006890     0x1b2c C:/PROGRA~2/ARMGNU~1/13C7F1~1.2RE/bin/../lib/gcc/arm-none-eabi/13.2.1/thumb/v7-m/nofp\libg.a(libc_a-svfprintf.o)
                0x08006890                _svfprintf_r
 .text._vfprintf_r
                0x080083bc     0x1bf0 C:/PROGRA~2/ARMGNU~1/13C7F1~1.2RE/bin/../lib/gcc/arm-none-eabi/13.2.1/thumb/v7-m/nofp\libg.a(libc_a-vfprintf.o)
                0x080083bc                _vfprintf_r
 .text.__sbprintf
                0x08009fac       0x80 C:/PROGRA~2/ARMGNU~1/13C7F1~1.2RE/bin/../lib/gcc/arm-none-eabi/13.2.1/thumb/v7-m/nofp\libg.a(libc_a-vfprintf.o)
 .text.__sprint_r.part.0
                0x0800a02c       0x78 C:/PROGRA~2/ARMGNU~1/13C7F1~1.2RE/bin/../lib/gcc/arm-none-eabi/13.2.1/thumb/v7-m/nofp\libg.a(libc_a-vfiprintf.o)
 .text.__sprint_r
                0x0800a0a4       0x14 C:/PROGRA~2/ARMGNU~1/13C7F1~1.2RE/bin/../lib/gcc/arm-none-eabi/13.2.1/thumb/v7-m/nofp\libg.a(libc_a-vfiprintf.o)
                0x0800a0a4                __sprint_r
 .text._vfiprintf_r
                0x0800a0b8      0xfe8 C:/PROGRA~2/ARMGNU~1/13C7F1~1.2RE/bin/../lib/gcc/arm-none-eabi/13.2.1/thumb/v7-m/nofp\libg.a(libc_a-vfiprintf.o)
                0x0800a0b8                _vfiprintf_r
 .text.__sbprintf
                0x0800b0a0       0x80 C:/PROGRA~2/ARMGNU~1/13C7F1~1.2RE/bin/../lib/gcc/arm-none-eabi/13.2.1/thumb/v7-m/nofp\libg.a(libc_a-vfiprintf.o)
 .text._fclose_r
                0x0800b120       0xc0 C:/PROGRA~2/ARMGNU~1/13C7F1~1.2RE/bin/../lib/gcc/arm-none-eabi/13.2.1/thumb/v7-m/nofp\libg.a(libc_a-fclose.o)
                0x0800b120                _fclose_r
 .text.__sflush_r
                0x0800b1e0      0x128 C:/PROGRA~2/ARMGNU~1/13C7F1~1.2RE/bin/../lib/gcc/arm-none-eabi/13.2.1/thumb/v7-m/nofp\libg.a(libc_a-fflush.o)
                0x0800b1e0                __sflush_r
 .text._fflush_r
                0x0800b308       0x54 C:/PROGRA~2/ARMGNU~1/13C7F1~1.2RE/bin/../lib/gcc/arm-none-eabi/13.2.1/thumb/v7-m/nofp\libg.a(libc_a-fflush.o)
                0x0800b308                _fflush_r
 .text.__sfvwrite_r
                0x0800b35c      0x2ec C:/PROGRA~2/ARMGNU~1/13C7F1~1.2RE/bin/../lib/gcc/arm-none-eabi/13.2.1/thumb/v7-m/nofp\libg.a(libc_a-fvwrite.o)
                0x0800b35c                __sfvwrite_r
 .text.__swsetup_r
                0x0800b648       0xc4 C:/PROGRA~2/ARMGNU~1/13C7F1~1.2RE/bin/../lib/gcc/arm-none-eabi/13.2.1/thumb/v7-m/nofp\libg.a(libc_a-wsetup.o)
                0x0800b648                __swsetup_r
 .text.__fputwc
                0x0800b70c       0x7c C:/PROGRA~2/ARMGNU~1/13C7F1~1.2RE/bin/../lib/gcc/arm-none-eabi/13.2.1/thumb/v7-m/nofp\libg.a(libc_a-fputwc.o)
                0x0800b70c                __fputwc
 .text._fputwc_r
                0x0800b788       0x60 C:/PROGRA~2/ARMGNU~1/13C7F1~1.2RE/bin/../lib/gcc/arm-none-eabi/13.2.1/thumb/v7-m/nofp\libg.a(libc_a-fputwc.o)
                0x0800b788                _fputwc_r
 .text.memmove  0x0800b7e8       0xfc C:/PROGRA~2/ARMGNU~1/13C7F1~1.2RE/bin/../lib/gcc/arm-none-eabi/13.2.1/thumb/v7-m/nofp\libg.a(libc_a-memmove.o)
                0x0800b7e8                memmove
 .text._localeconv_r
                0x0800b8e4        0x8 C:/PROGRA~2/ARMGNU~1/13C7F1~1.2RE/bin/../lib/gcc/arm-none-eabi/13.2.1/thumb/v7-m/nofp\libg.a(libc_a-localeconv.o)
                0x0800b8e4                _localeconv_r
 .text._sbrk_r  0x0800b8ec       0x24 C:/PROGRA~2/ARMGNU~1/13C7F1~1.2RE/bin/../lib/gcc/arm-none-eabi/13.2.1/thumb/v7-m/nofp\libg.a(libc_a-sbrkr.o)
                0x0800b8ec                _sbrk_r
 .text.__libc_fini_array
                0x0800b910       0x28 C:/PROGRA~2/ARMGNU~1/13C7F1~1.2RE/bin/../lib/gcc/arm-none-eabi/13.2.1/thumb/v7-m/nofp\libg.a(libc_a-fini.o)
                0x0800b910                __libc_fini_array
 .text.sysconf  0x0800b938       0x1c C:/PROGRA~2/ARMGNU~1/13C7F1~1.2RE/bin/../lib/gcc/arm-none-eabi/13.2.1/thumb/v7-m/nofp\libg.a(libc_a-sysconf.o)
                0x0800b938                sysconf
 .text.memchr   0x0800b954       0x98 C:/PROGRA~2/ARMGNU~1/13C7F1~1.2RE/bin/../lib/gcc/arm-none-eabi/13.2.1/thumb/v7-m/nofp\libg.a(libc_a-memchr-stub.o)
                0x0800b954                memchr
 .text.frexp    0x0800b9ec       0x6c C:/PROGRA~2/ARMGNU~1/13C7F1~1.2RE/bin/../lib/gcc/arm-none-eabi/13.2.1/thumb/v7-m/nofp\libg.a(libm_a-s_frexp.o)
                0x0800b9ec                frexp
 .text.__register_exitproc
                0x0800ba58       0x80 C:/PROGRA~2/ARMGNU~1/13C7F1~1.2RE/bin/../lib/gcc/arm-none-eabi/13.2.1/thumb/v7-m/nofp\libg.a(libc_a-__atexit.o)
                0x0800ba58                __register_exitproc
 .text.__assert_func
                0x0800bad8       0x40 C:/PROGRA~2/ARMGNU~1/13C7F1~1.2RE/bin/../lib/gcc/arm-none-eabi/13.2.1/thumb/v7-m/nofp\libg.a(libc_a-assert.o)
                0x0800bad8                __assert_func
 .text._calloc_r
                0x0800bb18       0x6c C:/PROGRA~2/ARMGNU~1/13C7F1~1.2RE/bin/../lib/gcc/arm-none-eabi/13.2.1/thumb/v7-m/nofp\libg.a(libc_a-callocr.o)
                0x0800bb18                _calloc_r
 .text.quorem   0x0800bb84      0x13c C:/PROGRA~2/ARMGNU~1/13C7F1~1.2RE/bin/../lib/gcc/arm-none-eabi/13.2.1/thumb/v7-m/nofp\libg.a(libc_a-dtoa.o)
 .text._dtoa_r  0x0800bcc0      0xe94 C:/PROGRA~2/ARMGNU~1/13C7F1~1.2RE/bin/../lib/gcc/arm-none-eabi/13.2.1/thumb/v7-m/nofp\libg.a(libc_a-dtoa.o)
                0x0800bcc0                _dtoa_r
 .text._realloc_r
                0x0800cb54      0x34c C:/PROGRA~2/ARMGNU~1/13C7F1~1.2RE/bin/../lib/gcc/arm-none-eabi/13.2.1/thumb/v7-m/nofp\libg.a(libc_a-reallocr.o)
                0x0800cb54                _realloc_r
 .text._wcrtomb_r
                0x0800cea0       0x4c C:/PROGRA~2/ARMGNU~1/13C7F1~1.2RE/bin/../lib/gcc/arm-none-eabi/13.2.1/thumb/v7-m/nofp\libg.a(libc_a-wcrtomb.o)
                0x0800cea0                _wcrtomb_r
 .text._wcsrtombs_r
                0x0800ceec       0x18 C:/PROGRA~2/ARMGNU~1/13C7F1~1.2RE/bin/../lib/gcc/arm-none-eabi/13.2.1/thumb/v7-m/nofp\libg.a(libc_a-wcsrtombs.o)
                0x0800ceec                _wcsrtombs_r
 .text.fiprintf
                0x0800cf04       0x28 C:/PROGRA~2/ARMGNU~1/13C7F1~1.2RE/bin/../lib/gcc/arm-none-eabi/13.2.1/thumb/v7-m/nofp\libg.a(libc_a-fiprintf.o)
                0x0800cf04                fiprintf
 .text.__ssprint_r
                0x0800cf2c      0x110 C:/PROGRA~2/ARMGNU~1/13C7F1~1.2RE/bin/../lib/gcc/arm-none-eabi/13.2.1/thumb/v7-m/nofp\libg.a(libc_a-svfiprintf.o)
                0x0800cf2c                __ssprint_r
 .text.__smakebuf_r
                0x0800d03c       0xdc C:/PROGRA~2/ARMGNU~1/13C7F1~1.2RE/bin/../lib/gcc/arm-none-eabi/13.2.1/thumb/v7-m/nofp\libg.a(libc_a-makebuf.o)
                0x0800d03c                __smakebuf_r
 .text.__swbuf_r
                0x0800d118       0xac C:/PROGRA~2/ARMGNU~1/13C7F1~1.2RE/bin/../lib/gcc/arm-none-eabi/13.2.1/thumb/v7-m/nofp\libg.a(libc_a-wbuf.o)
                0x0800d118                __swbuf_r
 .text._fstat_r
                0x0800d1c4       0x28 C:/PROGRA~2/ARMGNU~1/13C7F1~1.2RE/bin/../lib/gcc/arm-none-eabi/13.2.1/thumb/v7-m/nofp\libg.a(libc_a-fstatr.o)
                0x0800d1c4                _fstat_r
 .text._isatty_r
                0x0800d1ec       0x24 C:/PROGRA~2/ARMGNU~1/13C7F1~1.2RE/bin/../lib/gcc/arm-none-eabi/13.2.1/thumb/v7-m/nofp\libg.a(libc_a-isattyr.o)
                0x0800d1ec                _isatty_r
 .text.abort    0x0800d210       0x10 C:/PROGRA~2/ARMGNU~1/13C7F1~1.2RE/bin/../lib/gcc/arm-none-eabi/13.2.1/thumb/v7-m/nofp\libg.a(libc_a-abort.o)
                0x0800d210                abort
 .text._wcsnrtombs_l
                0x0800d220       0xec C:/PROGRA~2/ARMGNU~1/13C7F1~1.2RE/bin/../lib/gcc/arm-none-eabi/13.2.1/thumb/v7-m/nofp\libg.a(libc_a-wcsnrtombs.o)
                0x0800d220                _wcsnrtombs_l
 .text._wcsnrtombs_r
                0x0800d30c       0x24 C:/PROGRA~2/ARMGNU~1/13C7F1~1.2RE/bin/../lib/gcc/arm-none-eabi/13.2.1/thumb/v7-m/nofp\libg.a(libc_a-wcsnrtombs.o)
                0x0800d30c                _wcsnrtombs_r
 .text.raise    0x0800d330       0x58 C:/PROGRA~2/ARMGNU~1/13C7F1~1.2RE/bin/../lib/gcc/arm-none-eabi/13.2.1/thumb/v7-m/nofp\libg.a(libc_a-signal.o)
                0x0800d330                raise
 .text._kill_r  0x0800d388       0x28 C:/PROGRA~2/ARMGNU~1/13C7F1~1.2RE/bin/../lib/gcc/arm-none-eabi/13.2.1/thumb/v7-m/nofp\libg.a(libc_a-signalr.o)
                0x0800d388                _kill_r
 .text._getpid_r
                0x0800d3b0        0x4 C:/PROGRA~2/ARMGNU~1/13C7F1~1.2RE/bin/../lib/gcc/arm-none-eabi/13.2.1/thumb/v7-m/nofp\libg.a(libc_a-signalr.o)
                0x0800d3b0                _getpid_r
 .text.__fixdfdi
                0x0800d3b4       0x30 C:/PROGRA~2/ARMGNU~1/13C7F1~1.2RE/bin/../lib/gcc/arm-none-eabi/13.2.1/thumb/v7-m/nofp\libgcc.a(_fixdfdi.o)
                0x0800d3b4                __fixdfdi
                0x0800d3b4                __aeabi_d2lz
 .text.__fixunsdfdi
                0x0800d3e4       0x3c C:/PROGRA~2/ARMGNU~1/13C7F1~1.2RE/bin/../lib/gcc/arm-none-eabi/13.2.1/thumb/v7-m/nofp\libgcc.a(_fixunsdfdi.o)
                0x0800d3e4                __fixunsdfdi
                0x0800d3e4                __aeabi_d2ulz
 *(.glue_7)
 .glue_7        0x0800d420        0x0 linker stubs
 *(.glue_7t)
 .glue_7t       0x0800d420        0x0 linker stubs
 *(.eh_frame)
 .eh_frame      0x0800d420        0x0 C:/PROGRA~2/ARMGNU~1/13C7F1~1.2RE/bin/../lib/gcc/arm-none-eabi/13.2.1/thumb/v7-m/nofp/crtbegin.o
 *(.init)
 .init          0x0800d420        0x4 C:/PROGRA~2/ARMGNU~1/13C7F1~1.2RE/bin/../lib/gcc/arm-none-eabi/13.2.1/thumb/v7-m/nofp/crti.o
                0x0800d420                _init
 .init          0x0800d424        0x8 C:/PROGRA~2/ARMGNU~1/13C7F1~1.2RE/bin/../lib/gcc/arm-none-eabi/13.2.1/thumb/v7-m/nofp/crtn.o
 *(.fini)
 .fini          0x0800d42c        0x4 C:/PROGRA~2/ARMGNU~1/13C7F1~1.2RE/bin/../lib/gcc/arm-none-eabi/13.2.1/thumb/v7-m/nofp/crti.o
                0x0800d42c                _fini
 .fini          0x0800d430        0x8 C:/PROGRA~2/ARMGNU~1/13C7F1~1.2RE/bin/../lib/gcc/arm-none-eabi/13.2.1/thumb/v7-m/nofp/crtn.o
                0x0800d438                        . = ALIGN (0x4)
                0x0800d438                        _etext = .

.vfp11_veneer   0x0800d438        0x0
 .vfp11_veneer  0x0800d438        0x0 linker stubs

.v4_bx          0x0800d438        0x0
 .v4_bx         0x0800d438        0x0 linker stubs

.iplt           0x0800d438        0x0
 .iplt          0x0800d438        0x0 C:/PROGRA~2/ARMGNU~1/13C7F1~1.2RE/bin/../lib/gcc/arm-none-eabi/13.2.1/thumb/v7-m/nofp/crtbegin.o

.rodata         0x0800d438      0xef0
                0x0800d438                        . = ALIGN (0x4)
 *(.rodata)
 *(.rodata*)
 .rodata.OLED_ShowWaveParam.str1.4
                0x0800d438      0x2f5 CMakeFiles/WaveFormCreator.elf.dir/Core/Src/main.c.obj
                                 0x8f (size before relaxing)
 .rodata.main.str1.4
                0x0800d72d       0x29 CMakeFiles/WaveFormCreator.elf.dir/Core/Src/main.c.obj
 *fill*         0x0800d72d        0x3 
 .rodata.F8X16  0x0800d730      0x5f0 CMakeFiles/WaveFormCreator.elf.dir/Core/Src/oled.c.obj
                0x0800d730                F8X16
 .rodata.F6x8   0x0800dd20      0x228 CMakeFiles/WaveFormCreator.elf.dir/Core/Src/oled.c.obj
                0x0800dd20                F6x8
 .rodata.USART1_IRQHandler.str1.4
                0x0800df48       0x1c CMakeFiles/WaveFormCreator.elf.dir/Core/Src/stm32f1xx_it.c.obj
 .rodata.APBPrescTable
                0x0800df48        0x8 CMakeFiles/WaveFormCreator.elf.dir/Core/Src/system_stm32f1xx.c.obj
                0x0800df48                APBPrescTable
 .rodata.AHBPrescTable
                0x0800df50       0x10 CMakeFiles/WaveFormCreator.elf.dir/Core/Src/system_stm32f1xx.c.obj
                0x0800df50                AHBPrescTable
 .rodata.aPredivFactorTable.0
                0x0800df60        0x2 CMakeFiles/WaveFormCreator.elf.dir/Drivers/STM32F1xx_HAL_Driver/Src/stm32f1xx_hal_rcc.c.obj
 *fill*         0x0800df62        0x2 
 .rodata.aPLLMULFactorTable.1
                0x0800df64       0x10 CMakeFiles/WaveFormCreator.elf.dir/Drivers/STM32F1xx_HAL_Driver/Src/stm32f1xx_hal_rcc.c.obj
 .rodata._strtod_l.str1.4
                0x0800df74       0x15 C:/PROGRA~2/ARMGNU~1/13C7F1~1.2RE/bin/../lib/gcc/arm-none-eabi/13.2.1/thumb/v7-m/nofp\libg.a(libc_a-strtod.o)
 .rodata.fpinan.0
                0x0800df74       0x14 C:/PROGRA~2/ARMGNU~1/13C7F1~1.2RE/bin/../lib/gcc/arm-none-eabi/13.2.1/thumb/v7-m/nofp\libg.a(libc_a-strtod.o)
 .rodata.fpi.1  0x0800df88       0x14 C:/PROGRA~2/ARMGNU~1/13C7F1~1.2RE/bin/../lib/gcc/arm-none-eabi/13.2.1/thumb/v7-m/nofp\libg.a(libc_a-strtod.o)
 *fill*         0x0800df9c        0x4 
 .rodata.tinytens
                0x0800dfa0       0x28 C:/PROGRA~2/ARMGNU~1/13C7F1~1.2RE/bin/../lib/gcc/arm-none-eabi/13.2.1/thumb/v7-m/nofp\libg.a(libc_a-strtod.o)
 .rodata._ctype_
                0x0800dfc8      0x101 C:/PROGRA~2/ARMGNU~1/13C7F1~1.2RE/bin/../lib/gcc/arm-none-eabi/13.2.1/thumb/v7-m/nofp\libg.a(libc_a-ctype_.o)
                0x0800dfc8                _ctype_
 .rodata._puts_r.str1.4
                0x0800e0c9        0x2 C:/PROGRA~2/ARMGNU~1/13C7F1~1.2RE/bin/../lib/gcc/arm-none-eabi/13.2.1/thumb/v7-m/nofp\libg.a(libc_a-puts.o)
 .rodata.str1.4
                0x0800e0c9       0x4c C:/PROGRA~2/ARMGNU~1/13C7F1~1.2RE/bin/../lib/gcc/arm-none-eabi/13.2.1/thumb/v7-m/nofp\libg.a(libc_a-locale.o)
 .rodata.__gethex.str1.4
                0x0800e0c9       0x79 C:/PROGRA~2/ARMGNU~1/13C7F1~1.2RE/bin/../lib/gcc/arm-none-eabi/13.2.1/thumb/v7-m/nofp\libg.a(libc_a-gdtoa-gethex.o)
 *fill*         0x0800e0c9        0x3 
 .rodata.__hexdig
                0x0800e0cc      0x100 C:/PROGRA~2/ARMGNU~1/13C7F1~1.2RE/bin/../lib/gcc/arm-none-eabi/13.2.1/thumb/v7-m/nofp\libg.a(libc_a-gdtoa-gethex.o)
                0x0800e0cc                __hexdig
 .rodata.__multadd.str1.4
                0x0800e1cc       0x6e C:/PROGRA~2/ARMGNU~1/13C7F1~1.2RE/bin/../lib/gcc/arm-none-eabi/13.2.1/thumb/v7-m/nofp\libg.a(libc_a-mprec.o)
 .rodata.p05.0  0x0800e1cc        0xc C:/PROGRA~2/ARMGNU~1/13C7F1~1.2RE/bin/../lib/gcc/arm-none-eabi/13.2.1/thumb/v7-m/nofp\libg.a(libc_a-mprec.o)
 .rodata.__mprec_bigtens
                0x0800e1d8       0x28 C:/PROGRA~2/ARMGNU~1/13C7F1~1.2RE/bin/../lib/gcc/arm-none-eabi/13.2.1/thumb/v7-m/nofp\libg.a(libc_a-mprec.o)
                0x0800e1d8                __mprec_bigtens
 .rodata.__mprec_tens
                0x0800e200       0xc8 C:/PROGRA~2/ARMGNU~1/13C7F1~1.2RE/bin/../lib/gcc/arm-none-eabi/13.2.1/thumb/v7-m/nofp\libg.a(libc_a-mprec.o)
                0x0800e200                __mprec_tens
 .rodata._svfprintf_r.str1.4
                0x0800e2c8       0x42 C:/PROGRA~2/ARMGNU~1/13C7F1~1.2RE/bin/../lib/gcc/arm-none-eabi/13.2.1/thumb/v7-m/nofp\libg.a(libc_a-svfprintf.o)
 .rodata.zeroes.0
                0x0800e2c8       0x10 C:/PROGRA~2/ARMGNU~1/13C7F1~1.2RE/bin/../lib/gcc/arm-none-eabi/13.2.1/thumb/v7-m/nofp\libg.a(libc_a-svfprintf.o)
 .rodata.blanks.1
                0x0800e2d8       0x10 C:/PROGRA~2/ARMGNU~1/13C7F1~1.2RE/bin/../lib/gcc/arm-none-eabi/13.2.1/thumb/v7-m/nofp\libg.a(libc_a-svfprintf.o)
 .rodata._vfprintf_r.str1.4
                0x0800e2e8       0x42 C:/PROGRA~2/ARMGNU~1/13C7F1~1.2RE/bin/../lib/gcc/arm-none-eabi/13.2.1/thumb/v7-m/nofp\libg.a(libc_a-vfprintf.o)
 .rodata.zeroes.0
                0x0800e2e8       0x10 C:/PROGRA~2/ARMGNU~1/13C7F1~1.2RE/bin/../lib/gcc/arm-none-eabi/13.2.1/thumb/v7-m/nofp\libg.a(libc_a-vfprintf.o)
 .rodata.blanks.1
                0x0800e2f8       0x10 C:/PROGRA~2/ARMGNU~1/13C7F1~1.2RE/bin/../lib/gcc/arm-none-eabi/13.2.1/thumb/v7-m/nofp\libg.a(libc_a-vfprintf.o)
 .rodata._vfiprintf_r.str1.4
                0x0800e308       0x2f C:/PROGRA~2/ARMGNU~1/13C7F1~1.2RE/bin/../lib/gcc/arm-none-eabi/13.2.1/thumb/v7-m/nofp\libg.a(libc_a-vfiprintf.o)
 .rodata.zeroes.0
                0x0800e308       0x10 C:/PROGRA~2/ARMGNU~1/13C7F1~1.2RE/bin/../lib/gcc/arm-none-eabi/13.2.1/thumb/v7-m/nofp\libg.a(libc_a-vfiprintf.o)
 .rodata.blanks.1
                0x0800e318       0x10 C:/PROGRA~2/ARMGNU~1/13C7F1~1.2RE/bin/../lib/gcc/arm-none-eabi/13.2.1/thumb/v7-m/nofp\libg.a(libc_a-vfiprintf.o)
 .rodata.__assert_func.str1.4
                0x0800e328       0x43 C:/PROGRA~2/ARMGNU~1/13C7F1~1.2RE/bin/../lib/gcc/arm-none-eabi/13.2.1/thumb/v7-m/nofp\libg.a(libc_a-assert.o)
 .rodata._dtoa_r.str1.4
                0x0800e328       0x81 C:/PROGRA~2/ARMGNU~1/13C7F1~1.2RE/bin/../lib/gcc/arm-none-eabi/13.2.1/thumb/v7-m/nofp\libg.a(libc_a-dtoa.o)
                0x0800e3ac                        . = ALIGN (0x4)

.ARM.extab      0x0800e328        0x0
                0x0800e328                        . = ALIGN (0x4)
 *(.ARM.extab* .gnu.linkonce.armextab.*)
                0x0800e328                        . = ALIGN (0x4)

.ARM            0x0800e328        0x8
                0x0800e328                        . = ALIGN (0x4)
                0x0800e328                        __exidx_start = .
 *(.ARM.exidx*)
 .ARM.exidx     0x0800e328        0x8 C:/PROGRA~2/ARMGNU~1/13C7F1~1.2RE/bin/../lib/gcc/arm-none-eabi/13.2.1/thumb/v7-m/nofp\libg.a(libc_a-memcpy.o)
                0x0800e330                        __exidx_end = .
                0x0800e330                        . = ALIGN (0x4)

.preinit_array  0x0800e330        0x0
                0x0800e330                        . = ALIGN (0x4)
                0x0800e330                        PROVIDE (__preinit_array_start = .)
 *(.preinit_array*)
                0x0800e330                        PROVIDE (__preinit_array_end = .)
                0x0800e330                        . = ALIGN (0x4)

.init_array     0x0800e330        0x8
                0x0800e330                        . = ALIGN (0x4)
                0x0800e330                        PROVIDE (__init_array_start = .)
 *(SORT_BY_NAME(.init_array.*))
 .init_array.00000
                0x0800e330        0x4 C:/PROGRA~2/ARMGNU~1/13C7F1~1.2RE/bin/../lib/gcc/arm-none-eabi/13.2.1/thumb/v7-m/nofp\libg.a(libc_a-__call_atexit.o)
 *(.init_array*)
 .init_array    0x0800e334        0x4 C:/PROGRA~2/ARMGNU~1/13C7F1~1.2RE/bin/../lib/gcc/arm-none-eabi/13.2.1/thumb/v7-m/nofp/crtbegin.o
                0x0800e338                        PROVIDE (__init_array_end = .)
                0x0800e338                        . = ALIGN (0x4)

.fini_array     0x0800e338        0x4
                0x0800e338                        . = ALIGN (0x4)
                0x0800e338                        PROVIDE (__fini_array_start = .)
 *(SORT_BY_NAME(.fini_array.*))
 *(.fini_array*)
 .fini_array    0x0800e338        0x4 C:/PROGRA~2/ARMGNU~1/13C7F1~1.2RE/bin/../lib/gcc/arm-none-eabi/13.2.1/thumb/v7-m/nofp/crtbegin.o
                0x0800e33c                        PROVIDE (__fini_array_end = .)
                0x0800e33c                        . = ALIGN (0x4)
                0x0800e33c                        _sidata = LOADADDR (.data)

.rel.dyn        0x0800e33c        0x0
 .rel.iplt      0x0800e33c        0x0 C:/PROGRA~2/ARMGNU~1/13C7F1~1.2RE/bin/../lib/gcc/arm-none-eabi/13.2.1/thumb/v7-m/nofp/crtbegin.o

.data           0x20000000      0x6c0 load address 0x0800e33c
                0x20000000                        . = ALIGN (0x4)
                0x20000000                        _sdata = .
 *(.data)
 *(.data*)
 .data.SystemCoreClock
                0x20000000        0x4 CMakeFiles/WaveFormCreator.elf.dir/Core/Src/system_stm32f1xx.c.obj
                0x20000000                SystemCoreClock
 .data.uwTickFreq
                0x20000004        0x1 CMakeFiles/WaveFormCreator.elf.dir/Drivers/STM32F1xx_HAL_Driver/Src/stm32f1xx_hal.c.obj
                0x20000004                uwTickFreq
 *fill*         0x20000005        0x3 
 .data.uwTickPrio
                0x20000008        0x4 CMakeFiles/WaveFormCreator.elf.dir/Drivers/STM32F1xx_HAL_Driver/Src/stm32f1xx_hal.c.obj
                0x20000008                uwTickPrio
 .data.__sglue  0x2000000c        0xc C:/PROGRA~2/ARMGNU~1/13C7F1~1.2RE/bin/../lib/gcc/arm-none-eabi/13.2.1/thumb/v7-m/nofp\libg.a(libc_a-findfp.o)
                0x2000000c                __sglue
 .data.__global_locale
                0x20000018      0x16c C:/PROGRA~2/ARMGNU~1/13C7F1~1.2RE/bin/../lib/gcc/arm-none-eabi/13.2.1/thumb/v7-m/nofp\libg.a(libc_a-locale.o)
                0x20000018                __global_locale
 .data._impure_ptr
                0x20000184        0x4 C:/PROGRA~2/ARMGNU~1/13C7F1~1.2RE/bin/../lib/gcc/arm-none-eabi/13.2.1/thumb/v7-m/nofp\libg.a(libc_a-impure.o)
                0x20000184                _impure_ptr
 .data._impure_data
                0x20000188      0x120 C:/PROGRA~2/ARMGNU~1/13C7F1~1.2RE/bin/../lib/gcc/arm-none-eabi/13.2.1/thumb/v7-m/nofp\libg.a(libc_a-impure.o)
                0x20000188                _impure_data
 .data.__atexit_recursive_mutex
                0x200002a8        0x4 C:/PROGRA~2/ARMGNU~1/13C7F1~1.2RE/bin/../lib/gcc/arm-none-eabi/13.2.1/thumb/v7-m/nofp\libg.a(libc_a-__call_atexit.o)
                0x200002a8                __atexit_recursive_mutex
 .data.__malloc_sbrk_base
                0x200002ac        0x4 C:/PROGRA~2/ARMGNU~1/13C7F1~1.2RE/bin/../lib/gcc/arm-none-eabi/13.2.1/thumb/v7-m/nofp\libg.a(libc_a-mallocr.o)
                0x200002ac                __malloc_sbrk_base
 .data.__malloc_trim_threshold
                0x200002b0        0x4 C:/PROGRA~2/ARMGNU~1/13C7F1~1.2RE/bin/../lib/gcc/arm-none-eabi/13.2.1/thumb/v7-m/nofp\libg.a(libc_a-mallocr.o)
                0x200002b0                __malloc_trim_threshold
 *fill*         0x200002b4        0x4 
 .data.__malloc_av_
                0x200002b8      0x408 C:/PROGRA~2/ARMGNU~1/13C7F1~1.2RE/bin/../lib/gcc/arm-none-eabi/13.2.1/thumb/v7-m/nofp\libg.a(libc_a-mallocr.o)
                0x200002b8                __malloc_av_
 *(.RamFunc)
 *(.RamFunc*)
                0x200006c0                        . = ALIGN (0x4)
                0x200006c0                        _edata = .

.tm_clone_table
                0x200006c0        0x0 load address 0x0800e9fc
 .tm_clone_table
                0x200006c0        0x0 C:/PROGRA~2/ARMGNU~1/13C7F1~1.2RE/bin/../lib/gcc/arm-none-eabi/13.2.1/thumb/v7-m/nofp/crtbegin.o
 .tm_clone_table
                0x200006c0        0x0 C:/PROGRA~2/ARMGNU~1/13C7F1~1.2RE/bin/../lib/gcc/arm-none-eabi/13.2.1/thumb/v7-m/nofp/crtend.o

.igot.plt       0x200006c0        0x0 load address 0x0800e9fc
 .igot.plt      0x200006c0        0x0 C:/PROGRA~2/ARMGNU~1/13C7F1~1.2RE/bin/../lib/gcc/arm-none-eabi/13.2.1/thumb/v7-m/nofp/crtbegin.o
                0x200006c0                        . = ALIGN (0x4)

.bss            0x200006c0      0x50c load address 0x0800e9fc
                0x200006c0                        _sbss = .
                0x200006c0                        __bss_start__ = _sbss
 *(.bss)
 *(.bss*)
 .bss.completed.1
                0x200006c0        0x1 C:/PROGRA~2/ARMGNU~1/13C7F1~1.2RE/bin/../lib/gcc/arm-none-eabi/13.2.1/thumb/v7-m/nofp/crtbegin.o
 *fill*         0x200006c1        0x3 
 .bss.object.0  0x200006c4       0x18 C:/PROGRA~2/ARMGNU~1/13C7F1~1.2RE/bin/../lib/gcc/arm-none-eabi/13.2.1/thumb/v7-m/nofp/crtbegin.o
 .bss.hi2c1     0x200006dc       0x54 CMakeFiles/WaveFormCreator.elf.dir/Core/Src/i2c.c.obj
                0x200006dc                hi2c1
 .bss.Rx_Length
                0x20000730        0x4 CMakeFiles/WaveFormCreator.elf.dir/Core/Src/main.c.obj
                0x20000730                Rx_Length
 .bss.Rx_buff   0x20000734       0x64 CMakeFiles/WaveFormCreator.elf.dir/Core/Src/main.c.obj
                0x20000734                Rx_buff
 .bss.__sbrk_heap_end
                0x20000798        0x4 CMakeFiles/WaveFormCreator.elf.dir/Core/Src/sysmem.c.obj
 .bss.hdma_usart1_tx
                0x2000079c       0x44 CMakeFiles/WaveFormCreator.elf.dir/Core/Src/usart.c.obj
                0x2000079c                hdma_usart1_tx
 .bss.hdma_usart1_rx
                0x200007e0       0x44 CMakeFiles/WaveFormCreator.elf.dir/Core/Src/usart.c.obj
                0x200007e0                hdma_usart1_rx
 .bss.huart3    0x20000824       0x48 CMakeFiles/WaveFormCreator.elf.dir/Core/Src/usart.c.obj
                0x20000824                huart3
 .bss.huart1    0x2000086c       0x48 CMakeFiles/WaveFormCreator.elf.dir/Core/Src/usart.c.obj
                0x2000086c                huart1
 .bss.uwTick    0x200008b4        0x4 CMakeFiles/WaveFormCreator.elf.dir/Drivers/STM32F1xx_HAL_Driver/Src/stm32f1xx_hal.c.obj
                0x200008b4                uwTick
 .bss.__sf      0x200008b8      0x138 C:/PROGRA~2/ARMGNU~1/13C7F1~1.2RE/bin/../lib/gcc/arm-none-eabi/13.2.1/thumb/v7-m/nofp\libg.a(libc_a-findfp.o)
                0x200008b8                __sf
 .bss.__stdio_exit_handler
                0x200009f0        0x4 C:/PROGRA~2/ARMGNU~1/13C7F1~1.2RE/bin/../lib/gcc/arm-none-eabi/13.2.1/thumb/v7-m/nofp\libg.a(libc_a-findfp.o)
                0x200009f0                __stdio_exit_handler
 .bss.errno     0x200009f4        0x4 C:/PROGRA~2/ARMGNU~1/13C7F1~1.2RE/bin/../lib/gcc/arm-none-eabi/13.2.1/thumb/v7-m/nofp\libg.a(libc_a-reent.o)
                0x200009f4                errno
 .bss.__lock___malloc_recursive_mutex
                0x200009f8        0x1 C:/PROGRA~2/ARMGNU~1/13C7F1~1.2RE/bin/../lib/gcc/arm-none-eabi/13.2.1/thumb/v7-m/nofp\libg.a(libc_a-lock.o)
                0x200009f8                __lock___malloc_recursive_mutex
 *fill*         0x200009f9        0x3 
 .bss.__lock___atexit_recursive_mutex
                0x200009fc        0x1 C:/PROGRA~2/ARMGNU~1/13C7F1~1.2RE/bin/../lib/gcc/arm-none-eabi/13.2.1/thumb/v7-m/nofp\libg.a(libc_a-lock.o)
                0x200009fc                __lock___atexit_recursive_mutex
 *fill*         0x200009fd        0x3 
 .bss.__lock___sfp_recursive_mutex
                0x20000a00        0x1 C:/PROGRA~2/ARMGNU~1/13C7F1~1.2RE/bin/../lib/gcc/arm-none-eabi/13.2.1/thumb/v7-m/nofp\libg.a(libc_a-lock.o)
                0x20000a00                __lock___sfp_recursive_mutex
 *fill*         0x20000a01        0x3 
 .bss.__atexit  0x20000a04        0x4 C:/PROGRA~2/ARMGNU~1/13C7F1~1.2RE/bin/../lib/gcc/arm-none-eabi/13.2.1/thumb/v7-m/nofp\libg.a(libc_a-__call_atexit.o)
                0x20000a04                __atexit
 .bss.__malloc_current_mallinfo
                0x20000a08       0x28 C:/PROGRA~2/ARMGNU~1/13C7F1~1.2RE/bin/../lib/gcc/arm-none-eabi/13.2.1/thumb/v7-m/nofp\libg.a(libc_a-mallocr.o)
                0x20000a08                __malloc_current_mallinfo
 .bss.__malloc_max_total_mem
                0x20000a30        0x4 C:/PROGRA~2/ARMGNU~1/13C7F1~1.2RE/bin/../lib/gcc/arm-none-eabi/13.2.1/thumb/v7-m/nofp\libg.a(libc_a-mallocr.o)
                0x20000a30                __malloc_max_total_mem
 .bss.__malloc_max_sbrked_mem
                0x20000a34        0x4 C:/PROGRA~2/ARMGNU~1/13C7F1~1.2RE/bin/../lib/gcc/arm-none-eabi/13.2.1/thumb/v7-m/nofp\libg.a(libc_a-mallocr.o)
                0x20000a34                __malloc_max_sbrked_mem
 .bss.__malloc_top_pad
                0x20000a38        0x4 C:/PROGRA~2/ARMGNU~1/13C7F1~1.2RE/bin/../lib/gcc/arm-none-eabi/13.2.1/thumb/v7-m/nofp\libg.a(libc_a-mallocr.o)
                0x20000a38                __malloc_top_pad
 .bss.__atexit0
                0x20000a3c      0x190 C:/PROGRA~2/ARMGNU~1/13C7F1~1.2RE/bin/../lib/gcc/arm-none-eabi/13.2.1/thumb/v7-m/nofp\libg.a(libc_a-__atexit.o)
                0x20000a3c                __atexit0
 *(COMMON)
                0x20000bcc                        . = ALIGN (0x4)
                0x20000bcc                        _ebss = .
                0x20000bcc                        __bss_end__ = _ebss

._user_heap_stack
                0x20000bcc      0x604 load address 0x0800e9fc
                0x20000bd0                        . = ALIGN (0x8)
 *fill*         0x20000bcc        0x4 
                [!provide]                        PROVIDE (end = .)
                0x20000bd0                        PROVIDE (_end = .)
                0x20000dd0                        . = (. + _Min_Heap_Size)
 *fill*         0x20000bd0      0x200 
                0x200011d0                        . = (. + _Min_Stack_Size)
 *fill*         0x20000dd0      0x400 
                0x200011d0                        . = ALIGN (0x8)

/DISCARD/
 libc.a(*)
 libm.a(*)
 libgcc.a(*)

.ARM.attributes
                0x00000000       0x29
 *(.ARM.attributes)
 .ARM.attributes
                0x00000000       0x1d C:/PROGRA~2/ARMGNU~1/13C7F1~1.2RE/bin/../lib/gcc/arm-none-eabi/13.2.1/thumb/v7-m/nofp/crti.o
 .ARM.attributes
                0x0000001d       0x2d C:/PROGRA~2/ARMGNU~1/13C7F1~1.2RE/bin/../lib/gcc/arm-none-eabi/13.2.1/thumb/v7-m/nofp/crtbegin.o
 .ARM.attributes
                0x0000004a       0x2d CMakeFiles/WaveFormCreator.elf.dir/Core/Src/AD9833.c.obj
 .ARM.attributes
                0x00000077       0x2d CMakeFiles/WaveFormCreator.elf.dir/Core/Src/dma.c.obj
 .ARM.attributes
                0x000000a4       0x2d CMakeFiles/WaveFormCreator.elf.dir/Core/Src/gpio.c.obj
 .ARM.attributes
                0x000000d1       0x2d CMakeFiles/WaveFormCreator.elf.dir/Core/Src/i2c.c.obj
 .ARM.attributes
                0x000000fe       0x2d CMakeFiles/WaveFormCreator.elf.dir/Core/Src/main.c.obj
 .ARM.attributes
                0x0000012b       0x2d CMakeFiles/WaveFormCreator.elf.dir/Core/Src/oled.c.obj
 .ARM.attributes
                0x00000158       0x2d CMakeFiles/WaveFormCreator.elf.dir/Core/Src/stm32f1xx_hal_msp.c.obj
 .ARM.attributes
                0x00000185       0x2d CMakeFiles/WaveFormCreator.elf.dir/Core/Src/stm32f1xx_it.c.obj
 .ARM.attributes
                0x000001b2       0x2d CMakeFiles/WaveFormCreator.elf.dir/Core/Src/syscalls.c.obj
 .ARM.attributes
                0x000001df       0x2d CMakeFiles/WaveFormCreator.elf.dir/Core/Src/sysmem.c.obj
 .ARM.attributes
                0x0000020c       0x2d CMakeFiles/WaveFormCreator.elf.dir/Core/Src/system_stm32f1xx.c.obj
 .ARM.attributes
                0x00000239       0x2d CMakeFiles/WaveFormCreator.elf.dir/Core/Src/usart.c.obj
 .ARM.attributes
                0x00000266       0x21 CMakeFiles/WaveFormCreator.elf.dir/Core/Startup/startup_stm32f103c8tx.s.obj
 .ARM.attributes
                0x00000287       0x2d CMakeFiles/WaveFormCreator.elf.dir/Drivers/STM32F1xx_HAL_Driver/Src/stm32f1xx_hal.c.obj
 .ARM.attributes
                0x000002b4       0x2d CMakeFiles/WaveFormCreator.elf.dir/Drivers/STM32F1xx_HAL_Driver/Src/stm32f1xx_hal_cortex.c.obj
 .ARM.attributes
                0x000002e1       0x2d CMakeFiles/WaveFormCreator.elf.dir/Drivers/STM32F1xx_HAL_Driver/Src/stm32f1xx_hal_dma.c.obj
 .ARM.attributes
                0x0000030e       0x2d CMakeFiles/WaveFormCreator.elf.dir/Drivers/STM32F1xx_HAL_Driver/Src/stm32f1xx_hal_gpio.c.obj
 .ARM.attributes
                0x0000033b       0x2d CMakeFiles/WaveFormCreator.elf.dir/Drivers/STM32F1xx_HAL_Driver/Src/stm32f1xx_hal_i2c.c.obj
 .ARM.attributes
                0x00000368       0x2d CMakeFiles/WaveFormCreator.elf.dir/Drivers/STM32F1xx_HAL_Driver/Src/stm32f1xx_hal_rcc.c.obj
 .ARM.attributes
                0x00000395       0x2d CMakeFiles/WaveFormCreator.elf.dir/Drivers/STM32F1xx_HAL_Driver/Src/stm32f1xx_hal_uart.c.obj
 .ARM.attributes
                0x000003c2       0x1d C:/PROGRA~2/ARMGNU~1/13C7F1~1.2RE/bin/../lib/gcc/arm-none-eabi/13.2.1/thumb/v7-m/nofp\libgcc.a(_arm_muldivdf3.o)
 .ARM.attributes
                0x000003df       0x1d C:/PROGRA~2/ARMGNU~1/13C7F1~1.2RE/bin/../lib/gcc/arm-none-eabi/13.2.1/thumb/v7-m/nofp\libgcc.a(_arm_cmpdf2.o)
 .ARM.attributes
                0x000003fc       0x1d C:/PROGRA~2/ARMGNU~1/13C7F1~1.2RE/bin/../lib/gcc/arm-none-eabi/13.2.1/thumb/v7-m/nofp\libgcc.a(_arm_fixdfsi.o)
 .ARM.attributes
                0x00000419       0x2d C:/PROGRA~2/ARMGNU~1/13C7F1~1.2RE/bin/../lib/gcc/arm-none-eabi/13.2.1/thumb/v7-m/nofp\libg.a(libc_a-atof.o)
 .ARM.attributes
                0x00000446       0x2d C:/PROGRA~2/ARMGNU~1/13C7F1~1.2RE/bin/../lib/gcc/arm-none-eabi/13.2.1/thumb/v7-m/nofp\libg.a(libc_a-atoi.o)
 .ARM.attributes
                0x00000473       0x2d C:/PROGRA~2/ARMGNU~1/13C7F1~1.2RE/bin/../lib/gcc/arm-none-eabi/13.2.1/thumb/v7-m/nofp\libg.a(libc_a-strtod.o)
 .ARM.attributes
                0x000004a0       0x2d C:/PROGRA~2/ARMGNU~1/13C7F1~1.2RE/bin/../lib/gcc/arm-none-eabi/13.2.1/thumb/v7-m/nofp\libg.a(libc_a-strtol.o)
 .ARM.attributes
                0x000004cd       0x2d C:/PROGRA~2/ARMGNU~1/13C7F1~1.2RE/bin/../lib/gcc/arm-none-eabi/13.2.1/thumb/v7-m/nofp\libg.a(libc_a-ctype_.o)
 .ARM.attributes
                0x000004fa       0x2d C:/PROGRA~2/ARMGNU~1/13C7F1~1.2RE/bin/../lib/gcc/arm-none-eabi/13.2.1/thumb/v7-m/nofp\libg.a(libc_a-findfp.o)
 .ARM.attributes
                0x00000527       0x2d C:/PROGRA~2/ARMGNU~1/13C7F1~1.2RE/bin/../lib/gcc/arm-none-eabi/13.2.1/thumb/v7-m/nofp\libg.a(libc_a-fwalk.o)
 .ARM.attributes
                0x00000554       0x2d C:/PROGRA~2/ARMGNU~1/13C7F1~1.2RE/bin/../lib/gcc/arm-none-eabi/13.2.1/thumb/v7-m/nofp\libg.a(libc_a-printf.o)
 .ARM.attributes
                0x00000581       0x2d C:/PROGRA~2/ARMGNU~1/13C7F1~1.2RE/bin/../lib/gcc/arm-none-eabi/13.2.1/thumb/v7-m/nofp\libg.a(libc_a-puts.o)
 .ARM.attributes
                0x000005ae       0x2d C:/PROGRA~2/ARMGNU~1/13C7F1~1.2RE/bin/../lib/gcc/arm-none-eabi/13.2.1/thumb/v7-m/nofp\libg.a(libc_a-snprintf.o)
 .ARM.attributes
                0x000005db       0x2d C:/PROGRA~2/ARMGNU~1/13C7F1~1.2RE/bin/../lib/gcc/arm-none-eabi/13.2.1/thumb/v7-m/nofp\libg.a(libc_a-stdio.o)
 .ARM.attributes
                0x00000608       0x2d C:/PROGRA~2/ARMGNU~1/13C7F1~1.2RE/bin/../lib/gcc/arm-none-eabi/13.2.1/thumb/v7-m/nofp\libg.a(libc_a-memset.o)
 .ARM.attributes
                0x00000635       0x2d C:/PROGRA~2/ARMGNU~1/13C7F1~1.2RE/bin/../lib/gcc/arm-none-eabi/13.2.1/thumb/v7-m/nofp\libg.a(libc_a-strncmp.o)
 .ARM.attributes
                0x00000662       0x2d C:/PROGRA~2/ARMGNU~1/13C7F1~1.2RE/bin/../lib/gcc/arm-none-eabi/13.2.1/thumb/v7-m/nofp\libg.a(libc_a-strncpy.o)
 .ARM.attributes
                0x0000068f       0x2d C:/PROGRA~2/ARMGNU~1/13C7F1~1.2RE/bin/../lib/gcc/arm-none-eabi/13.2.1/thumb/v7-m/nofp\libg.a(libc_a-locale.o)
 .ARM.attributes
                0x000006bc       0x2d C:/PROGRA~2/ARMGNU~1/13C7F1~1.2RE/bin/../lib/gcc/arm-none-eabi/13.2.1/thumb/v7-m/nofp\libg.a(libc_a-closer.o)
 .ARM.attributes
                0x000006e9       0x2d C:/PROGRA~2/ARMGNU~1/13C7F1~1.2RE/bin/../lib/gcc/arm-none-eabi/13.2.1/thumb/v7-m/nofp\libg.a(libc_a-reent.o)
 .ARM.attributes
                0x00000716       0x2d C:/PROGRA~2/ARMGNU~1/13C7F1~1.2RE/bin/../lib/gcc/arm-none-eabi/13.2.1/thumb/v7-m/nofp\libg.a(libc_a-impure.o)
 .ARM.attributes
                0x00000743       0x2d C:/PROGRA~2/ARMGNU~1/13C7F1~1.2RE/bin/../lib/gcc/arm-none-eabi/13.2.1/thumb/v7-m/nofp\libg.a(libc_a-lseekr.o)
 .ARM.attributes
                0x00000770       0x2d C:/PROGRA~2/ARMGNU~1/13C7F1~1.2RE/bin/../lib/gcc/arm-none-eabi/13.2.1/thumb/v7-m/nofp\libg.a(libc_a-readr.o)
 .ARM.attributes
                0x0000079d       0x2d C:/PROGRA~2/ARMGNU~1/13C7F1~1.2RE/bin/../lib/gcc/arm-none-eabi/13.2.1/thumb/v7-m/nofp\libg.a(libc_a-writer.o)
 .ARM.attributes
                0x000007ca       0x2d C:/PROGRA~2/ARMGNU~1/13C7F1~1.2RE/bin/../lib/gcc/arm-none-eabi/13.2.1/thumb/v7-m/nofp\libg.a(libc_a-errno.o)
 .ARM.attributes
                0x000007f7       0x2d C:/PROGRA~2/ARMGNU~1/13C7F1~1.2RE/bin/../lib/gcc/arm-none-eabi/13.2.1/thumb/v7-m/nofp\libg.a(libc_a-init.o)
 .ARM.attributes
                0x00000824       0x2d C:/PROGRA~2/ARMGNU~1/13C7F1~1.2RE/bin/../lib/gcc/arm-none-eabi/13.2.1/thumb/v7-m/nofp\libg.a(libc_a-lock.o)
 .ARM.attributes
                0x00000851       0x1b C:/PROGRA~2/ARMGNU~1/13C7F1~1.2RE/bin/../lib/gcc/arm-none-eabi/13.2.1/thumb/v7-m/nofp\libg.a(libc_a-memcpy.o)
 .ARM.attributes
                0x0000086c       0x2d C:/PROGRA~2/ARMGNU~1/13C7F1~1.2RE/bin/../lib/gcc/arm-none-eabi/13.2.1/thumb/v7-m/nofp\libg.a(libc_a-strlen-stub.o)
 .ARM.attributes
                0x00000899       0x2d C:/PROGRA~2/ARMGNU~1/13C7F1~1.2RE/bin/../lib/gcc/arm-none-eabi/13.2.1/thumb/v7-m/nofp\libg.a(libm_a-s_nan.o)
 .ARM.attributes
                0x000008c6       0x2d C:/PROGRA~2/ARMGNU~1/13C7F1~1.2RE/bin/../lib/gcc/arm-none-eabi/13.2.1/thumb/v7-m/nofp\libg.a(libc_a-__call_atexit.o)
 .ARM.attributes
                0x000008f3       0x2d C:/PROGRA~2/ARMGNU~1/13C7F1~1.2RE/bin/../lib/gcc/arm-none-eabi/13.2.1/thumb/v7-m/nofp\libg.a(libc_a-atexit.o)
 .ARM.attributes
                0x00000920       0x2d C:/PROGRA~2/ARMGNU~1/13C7F1~1.2RE/bin/../lib/gcc/arm-none-eabi/13.2.1/thumb/v7-m/nofp\libg.a(libc_a-freer.o)
 .ARM.attributes
                0x0000094d       0x2d C:/PROGRA~2/ARMGNU~1/13C7F1~1.2RE/bin/../lib/gcc/arm-none-eabi/13.2.1/thumb/v7-m/nofp\libg.a(libc_a-gdtoa-gethex.o)
 .ARM.attributes
                0x0000097a       0x2d C:/PROGRA~2/ARMGNU~1/13C7F1~1.2RE/bin/../lib/gcc/arm-none-eabi/13.2.1/thumb/v7-m/nofp\libg.a(libc_a-gdtoa-hexnan.o)
 .ARM.attributes
                0x000009a7       0x2d C:/PROGRA~2/ARMGNU~1/13C7F1~1.2RE/bin/../lib/gcc/arm-none-eabi/13.2.1/thumb/v7-m/nofp\libg.a(libc_a-mallocr.o)
 .ARM.attributes
                0x000009d4       0x2d C:/PROGRA~2/ARMGNU~1/13C7F1~1.2RE/bin/../lib/gcc/arm-none-eabi/13.2.1/thumb/v7-m/nofp\libg.a(libc_a-mbtowc_r.o)
 .ARM.attributes
                0x00000a01       0x2d C:/PROGRA~2/ARMGNU~1/13C7F1~1.2RE/bin/../lib/gcc/arm-none-eabi/13.2.1/thumb/v7-m/nofp\libg.a(libc_a-mlock.o)
 .ARM.attributes
                0x00000a2e       0x2d C:/PROGRA~2/ARMGNU~1/13C7F1~1.2RE/bin/../lib/gcc/arm-none-eabi/13.2.1/thumb/v7-m/nofp\libg.a(libc_a-mprec.o)
 .ARM.attributes
                0x00000a5b       0x2d C:/PROGRA~2/ARMGNU~1/13C7F1~1.2RE/bin/../lib/gcc/arm-none-eabi/13.2.1/thumb/v7-m/nofp\libg.a(libc_a-wctomb_r.o)
 .ARM.attributes
                0x00000a88       0x2d C:/PROGRA~2/ARMGNU~1/13C7F1~1.2RE/bin/../lib/gcc/arm-none-eabi/13.2.1/thumb/v7-m/nofp\libg.a(libc_a-svfprintf.o)
 .ARM.attributes
                0x00000ab5       0x2d C:/PROGRA~2/ARMGNU~1/13C7F1~1.2RE/bin/../lib/gcc/arm-none-eabi/13.2.1/thumb/v7-m/nofp\libg.a(libc_a-vfprintf.o)
 .ARM.attributes
                0x00000ae2       0x2d C:/PROGRA~2/ARMGNU~1/13C7F1~1.2RE/bin/../lib/gcc/arm-none-eabi/13.2.1/thumb/v7-m/nofp\libg.a(libc_a-vfiprintf.o)
 .ARM.attributes
                0x00000b0f       0x2d C:/PROGRA~2/ARMGNU~1/13C7F1~1.2RE/bin/../lib/gcc/arm-none-eabi/13.2.1/thumb/v7-m/nofp\libg.a(libc_a-fclose.o)
 .ARM.attributes
                0x00000b3c       0x2d C:/PROGRA~2/ARMGNU~1/13C7F1~1.2RE/bin/../lib/gcc/arm-none-eabi/13.2.1/thumb/v7-m/nofp\libg.a(libc_a-fflush.o)
 .ARM.attributes
                0x00000b69       0x2d C:/PROGRA~2/ARMGNU~1/13C7F1~1.2RE/bin/../lib/gcc/arm-none-eabi/13.2.1/thumb/v7-m/nofp\libg.a(libc_a-fvwrite.o)
 .ARM.attributes
                0x00000b96       0x2d C:/PROGRA~2/ARMGNU~1/13C7F1~1.2RE/bin/../lib/gcc/arm-none-eabi/13.2.1/thumb/v7-m/nofp\libg.a(libc_a-wsetup.o)
 .ARM.attributes
                0x00000bc3       0x2d C:/PROGRA~2/ARMGNU~1/13C7F1~1.2RE/bin/../lib/gcc/arm-none-eabi/13.2.1/thumb/v7-m/nofp\libg.a(libc_a-fputwc.o)
 .ARM.attributes
                0x00000bf0       0x2d C:/PROGRA~2/ARMGNU~1/13C7F1~1.2RE/bin/../lib/gcc/arm-none-eabi/13.2.1/thumb/v7-m/nofp\libg.a(libc_a-memmove.o)
 .ARM.attributes
                0x00000c1d       0x2d C:/PROGRA~2/ARMGNU~1/13C7F1~1.2RE/bin/../lib/gcc/arm-none-eabi/13.2.1/thumb/v7-m/nofp\libg.a(libc_a-localeconv.o)
 .ARM.attributes
                0x00000c4a       0x2d C:/PROGRA~2/ARMGNU~1/13C7F1~1.2RE/bin/../lib/gcc/arm-none-eabi/13.2.1/thumb/v7-m/nofp\libg.a(libc_a-sbrkr.o)
 .ARM.attributes
                0x00000c77       0x2d C:/PROGRA~2/ARMGNU~1/13C7F1~1.2RE/bin/../lib/gcc/arm-none-eabi/13.2.1/thumb/v7-m/nofp\libg.a(libc_a-fini.o)
 .ARM.attributes
                0x00000ca4       0x2d C:/PROGRA~2/ARMGNU~1/13C7F1~1.2RE/bin/../lib/gcc/arm-none-eabi/13.2.1/thumb/v7-m/nofp\libg.a(libc_a-sysconf.o)
 .ARM.attributes
                0x00000cd1       0x2d C:/PROGRA~2/ARMGNU~1/13C7F1~1.2RE/bin/../lib/gcc/arm-none-eabi/13.2.1/thumb/v7-m/nofp\libg.a(libc_a-memchr-stub.o)
 .ARM.attributes
                0x00000cfe       0x2d C:/PROGRA~2/ARMGNU~1/13C7F1~1.2RE/bin/../lib/gcc/arm-none-eabi/13.2.1/thumb/v7-m/nofp\libg.a(libm_a-s_frexp.o)
 .ARM.attributes
                0x00000d2b       0x2d C:/PROGRA~2/ARMGNU~1/13C7F1~1.2RE/bin/../lib/gcc/arm-none-eabi/13.2.1/thumb/v7-m/nofp\libg.a(libc_a-__atexit.o)
 .ARM.attributes
                0x00000d58       0x2d C:/PROGRA~2/ARMGNU~1/13C7F1~1.2RE/bin/../lib/gcc/arm-none-eabi/13.2.1/thumb/v7-m/nofp\libg.a(libc_a-assert.o)
 .ARM.attributes
                0x00000d85       0x2d C:/PROGRA~2/ARMGNU~1/13C7F1~1.2RE/bin/../lib/gcc/arm-none-eabi/13.2.1/thumb/v7-m/nofp\libg.a(libc_a-callocr.o)
 .ARM.attributes
                0x00000db2       0x2d C:/PROGRA~2/ARMGNU~1/13C7F1~1.2RE/bin/../lib/gcc/arm-none-eabi/13.2.1/thumb/v7-m/nofp\libg.a(libc_a-dtoa.o)
 .ARM.attributes
                0x00000ddf       0x2d C:/PROGRA~2/ARMGNU~1/13C7F1~1.2RE/bin/../lib/gcc/arm-none-eabi/13.2.1/thumb/v7-m/nofp\libg.a(libc_a-reallocr.o)
 .ARM.attributes
                0x00000e0c       0x2d C:/PROGRA~2/ARMGNU~1/13C7F1~1.2RE/bin/../lib/gcc/arm-none-eabi/13.2.1/thumb/v7-m/nofp\libg.a(libc_a-wcrtomb.o)
 .ARM.attributes
                0x00000e39       0x2d C:/PROGRA~2/ARMGNU~1/13C7F1~1.2RE/bin/../lib/gcc/arm-none-eabi/13.2.1/thumb/v7-m/nofp\libg.a(libc_a-wcsrtombs.o)
 .ARM.attributes
                0x00000e66       0x2d C:/PROGRA~2/ARMGNU~1/13C7F1~1.2RE/bin/../lib/gcc/arm-none-eabi/13.2.1/thumb/v7-m/nofp\libg.a(libc_a-fiprintf.o)
 .ARM.attributes
                0x00000e93       0x2d C:/PROGRA~2/ARMGNU~1/13C7F1~1.2RE/bin/../lib/gcc/arm-none-eabi/13.2.1/thumb/v7-m/nofp\libg.a(libc_a-svfiprintf.o)
 .ARM.attributes
                0x00000ec0       0x2d C:/PROGRA~2/ARMGNU~1/13C7F1~1.2RE/bin/../lib/gcc/arm-none-eabi/13.2.1/thumb/v7-m/nofp\libg.a(libc_a-makebuf.o)
 .ARM.attributes
                0x00000eed       0x2d C:/PROGRA~2/ARMGNU~1/13C7F1~1.2RE/bin/../lib/gcc/arm-none-eabi/13.2.1/thumb/v7-m/nofp\libg.a(libc_a-wbuf.o)
 .ARM.attributes
                0x00000f1a       0x2d C:/PROGRA~2/ARMGNU~1/13C7F1~1.2RE/bin/../lib/gcc/arm-none-eabi/13.2.1/thumb/v7-m/nofp\libg.a(libc_a-fstatr.o)
 .ARM.attributes
                0x00000f47       0x2d C:/PROGRA~2/ARMGNU~1/13C7F1~1.2RE/bin/../lib/gcc/arm-none-eabi/13.2.1/thumb/v7-m/nofp\libg.a(libc_a-isattyr.o)
 .ARM.attributes
                0x00000f74       0x2d C:/PROGRA~2/ARMGNU~1/13C7F1~1.2RE/bin/../lib/gcc/arm-none-eabi/13.2.1/thumb/v7-m/nofp\libg.a(libc_a-abort.o)
 .ARM.attributes
                0x00000fa1       0x2d C:/PROGRA~2/ARMGNU~1/13C7F1~1.2RE/bin/../lib/gcc/arm-none-eabi/13.2.1/thumb/v7-m/nofp\libg.a(libc_a-wcsnrtombs.o)
 .ARM.attributes
                0x00000fce       0x2d C:/PROGRA~2/ARMGNU~1/13C7F1~1.2RE/bin/../lib/gcc/arm-none-eabi/13.2.1/thumb/v7-m/nofp\libg.a(libc_a-signal.o)
 .ARM.attributes
                0x00000ffb       0x2d C:/PROGRA~2/ARMGNU~1/13C7F1~1.2RE/bin/../lib/gcc/arm-none-eabi/13.2.1/thumb/v7-m/nofp\libg.a(libc_a-signalr.o)
 .ARM.attributes
                0x00001028       0x1d C:/PROGRA~2/ARMGNU~1/13C7F1~1.2RE/bin/../lib/gcc/arm-none-eabi/13.2.1/thumb/v7-m/nofp\libgcc.a(_arm_addsubdf3.o)
 .ARM.attributes
                0x00001045       0x1d C:/PROGRA~2/ARMGNU~1/13C7F1~1.2RE/bin/../lib/gcc/arm-none-eabi/13.2.1/thumb/v7-m/nofp\libgcc.a(_arm_unorddf2.o)
 .ARM.attributes
                0x00001062       0x1d C:/PROGRA~2/ARMGNU~1/13C7F1~1.2RE/bin/../lib/gcc/arm-none-eabi/13.2.1/thumb/v7-m/nofp\libgcc.a(_arm_fixunsdfsi.o)
 .ARM.attributes
                0x0000107f       0x2d C:/PROGRA~2/ARMGNU~1/13C7F1~1.2RE/bin/../lib/gcc/arm-none-eabi/13.2.1/thumb/v7-m/nofp\libgcc.a(_fixdfdi.o)
 .ARM.attributes
                0x000010ac       0x2d C:/PROGRA~2/ARMGNU~1/13C7F1~1.2RE/bin/../lib/gcc/arm-none-eabi/13.2.1/thumb/v7-m/nofp\libgcc.a(_fixunsdfdi.o)
 .ARM.attributes
                0x000010d9       0x2d C:/PROGRA~2/ARMGNU~1/13C7F1~1.2RE/bin/../lib/gcc/arm-none-eabi/13.2.1/thumb/v7-m/nofp/crtend.o
 .ARM.attributes
                0x00001106       0x1d C:/PROGRA~2/ARMGNU~1/13C7F1~1.2RE/bin/../lib/gcc/arm-none-eabi/13.2.1/thumb/v7-m/nofp/crtn.o
OUTPUT(WaveFormCreator.elf elf32-littlearm)
LOAD linker stubs
LOAD C:/PROGRA~2/ARMGNU~1/13C7F1~1.2RE/bin/../lib/gcc/arm-none-eabi/13.2.1/thumb/v7-m/nofp\libc.a
LOAD C:/PROGRA~2/ARMGNU~1/13C7F1~1.2RE/bin/../lib/gcc/arm-none-eabi/13.2.1/thumb/v7-m/nofp\libm.a
LOAD C:/PROGRA~2/ARMGNU~1/13C7F1~1.2RE/bin/../lib/gcc/arm-none-eabi/13.2.1/thumb/v7-m/nofp\libgcc.a

.debug_info     0x00000000     0xfd5f
 .debug_info    0x00000000      0x5ed CMakeFiles/WaveFormCreator.elf.dir/Core/Src/AD9833.c.obj
 .debug_info    0x000005ed      0x32b CMakeFiles/WaveFormCreator.elf.dir/Core/Src/dma.c.obj
 .debug_info    0x00000918      0x3bc CMakeFiles/WaveFormCreator.elf.dir/Core/Src/gpio.c.obj
 .debug_info    0x00000cd4      0x8f5 CMakeFiles/WaveFormCreator.elf.dir/Core/Src/i2c.c.obj
 .debug_info    0x000015c9      0xda9 CMakeFiles/WaveFormCreator.elf.dir/Core/Src/main.c.obj
 .debug_info    0x00002372     0x10b5 CMakeFiles/WaveFormCreator.elf.dir/Core/Src/oled.c.obj
 .debug_info    0x00003427      0x1f4 CMakeFiles/WaveFormCreator.elf.dir/Core/Src/stm32f1xx_hal_msp.c.obj
 .debug_info    0x0000361b      0xa8f CMakeFiles/WaveFormCreator.elf.dir/Core/Src/stm32f1xx_it.c.obj
 .debug_info    0x000040aa      0x789 CMakeFiles/WaveFormCreator.elf.dir/Core/Src/syscalls.c.obj
 .debug_info    0x00004833      0x171 CMakeFiles/WaveFormCreator.elf.dir/Core/Src/sysmem.c.obj
 .debug_info    0x000049a4      0x22d CMakeFiles/WaveFormCreator.elf.dir/Core/Src/system_stm32f1xx.c.obj
 .debug_info    0x00004bd1      0xba4 CMakeFiles/WaveFormCreator.elf.dir/Core/Src/usart.c.obj
 .debug_info    0x00005775       0x30 CMakeFiles/WaveFormCreator.elf.dir/Core/Startup/startup_stm32f103c8tx.s.obj
 .debug_info    0x000057a5      0x7a2 CMakeFiles/WaveFormCreator.elf.dir/Drivers/STM32F1xx_HAL_Driver/Src/stm32f1xx_hal.c.obj
 .debug_info    0x00005f47      0xcd9 CMakeFiles/WaveFormCreator.elf.dir/Drivers/STM32F1xx_HAL_Driver/Src/stm32f1xx_hal_cortex.c.obj
 .debug_info    0x00006c20      0x7f2 CMakeFiles/WaveFormCreator.elf.dir/Drivers/STM32F1xx_HAL_Driver/Src/stm32f1xx_hal_dma.c.obj
 .debug_info    0x00007412      0x604 CMakeFiles/WaveFormCreator.elf.dir/Drivers/STM32F1xx_HAL_Driver/Src/stm32f1xx_hal_gpio.c.obj
 .debug_info    0x00007a16     0x3905 CMakeFiles/WaveFormCreator.elf.dir/Drivers/STM32F1xx_HAL_Driver/Src/stm32f1xx_hal_i2c.c.obj
 .debug_info    0x0000b31b      0x9c7 CMakeFiles/WaveFormCreator.elf.dir/Drivers/STM32F1xx_HAL_Driver/Src/stm32f1xx_hal_rcc.c.obj
 .debug_info    0x0000bce2     0x407d CMakeFiles/WaveFormCreator.elf.dir/Drivers/STM32F1xx_HAL_Driver/Src/stm32f1xx_hal_uart.c.obj

.debug_abbrev   0x00000000     0x26f0
 .debug_abbrev  0x00000000      0x192 CMakeFiles/WaveFormCreator.elf.dir/Core/Src/AD9833.c.obj
 .debug_abbrev  0x00000192      0x119 CMakeFiles/WaveFormCreator.elf.dir/Core/Src/dma.c.obj
 .debug_abbrev  0x000002ab      0x151 CMakeFiles/WaveFormCreator.elf.dir/Core/Src/gpio.c.obj
 .debug_abbrev  0x000003fc      0x221 CMakeFiles/WaveFormCreator.elf.dir/Core/Src/i2c.c.obj
 .debug_abbrev  0x0000061d      0x2a3 CMakeFiles/WaveFormCreator.elf.dir/Core/Src/main.c.obj
 .debug_abbrev  0x000008c0      0x256 CMakeFiles/WaveFormCreator.elf.dir/Core/Src/oled.c.obj
 .debug_abbrev  0x00000b16       0xed CMakeFiles/WaveFormCreator.elf.dir/Core/Src/stm32f1xx_hal_msp.c.obj
 .debug_abbrev  0x00000c03      0x24f CMakeFiles/WaveFormCreator.elf.dir/Core/Src/stm32f1xx_it.c.obj
 .debug_abbrev  0x00000e52      0x1c1 CMakeFiles/WaveFormCreator.elf.dir/Core/Src/syscalls.c.obj
 .debug_abbrev  0x00001013       0xea CMakeFiles/WaveFormCreator.elf.dir/Core/Src/sysmem.c.obj
 .debug_abbrev  0x000010fd      0x143 CMakeFiles/WaveFormCreator.elf.dir/Core/Src/system_stm32f1xx.c.obj
 .debug_abbrev  0x00001240      0x23d CMakeFiles/WaveFormCreator.elf.dir/Core/Src/usart.c.obj
 .debug_abbrev  0x0000147d       0x24 CMakeFiles/WaveFormCreator.elf.dir/Core/Startup/startup_stm32f103c8tx.s.obj
 .debug_abbrev  0x000014a1      0x22d CMakeFiles/WaveFormCreator.elf.dir/Drivers/STM32F1xx_HAL_Driver/Src/stm32f1xx_hal.c.obj
 .debug_abbrev  0x000016ce      0x36d CMakeFiles/WaveFormCreator.elf.dir/Drivers/STM32F1xx_HAL_Driver/Src/stm32f1xx_hal_cortex.c.obj
 .debug_abbrev  0x00001a3b      0x244 CMakeFiles/WaveFormCreator.elf.dir/Drivers/STM32F1xx_HAL_Driver/Src/stm32f1xx_hal_dma.c.obj
 .debug_abbrev  0x00001c7f      0x1f7 CMakeFiles/WaveFormCreator.elf.dir/Drivers/STM32F1xx_HAL_Driver/Src/stm32f1xx_hal_gpio.c.obj
 .debug_abbrev  0x00001e76      0x2be CMakeFiles/WaveFormCreator.elf.dir/Drivers/STM32F1xx_HAL_Driver/Src/stm32f1xx_hal_i2c.c.obj
 .debug_abbrev  0x00002134      0x2a0 CMakeFiles/WaveFormCreator.elf.dir/Drivers/STM32F1xx_HAL_Driver/Src/stm32f1xx_hal_rcc.c.obj
 .debug_abbrev  0x000023d4      0x31c CMakeFiles/WaveFormCreator.elf.dir/Drivers/STM32F1xx_HAL_Driver/Src/stm32f1xx_hal_uart.c.obj

.debug_loclists
                0x00000000     0x810e
 .debug_loclists
                0x00000000      0x1b8 CMakeFiles/WaveFormCreator.elf.dir/Core/Src/AD9833.c.obj
 .debug_loclists
                0x000001b8       0x86 CMakeFiles/WaveFormCreator.elf.dir/Core/Src/i2c.c.obj
 .debug_loclists
                0x0000023e       0x95 CMakeFiles/WaveFormCreator.elf.dir/Core/Src/main.c.obj
 .debug_loclists
                0x000002d3      0x705 CMakeFiles/WaveFormCreator.elf.dir/Core/Src/oled.c.obj
 .debug_loclists
                0x000009d8       0x17 CMakeFiles/WaveFormCreator.elf.dir/Core/Src/stm32f1xx_hal_msp.c.obj
 .debug_loclists
                0x000009ef       0x95 CMakeFiles/WaveFormCreator.elf.dir/Core/Src/stm32f1xx_it.c.obj
 .debug_loclists
                0x00000a84      0x2cd CMakeFiles/WaveFormCreator.elf.dir/Core/Src/syscalls.c.obj
 .debug_loclists
                0x00000d51       0x52 CMakeFiles/WaveFormCreator.elf.dir/Core/Src/sysmem.c.obj
 .debug_loclists
                0x00000da3       0xb7 CMakeFiles/WaveFormCreator.elf.dir/Core/Src/system_stm32f1xx.c.obj
 .debug_loclists
                0x00000e5a       0x95 CMakeFiles/WaveFormCreator.elf.dir/Core/Src/usart.c.obj
 .debug_loclists
                0x00000eef       0xe1 CMakeFiles/WaveFormCreator.elf.dir/Drivers/STM32F1xx_HAL_Driver/Src/stm32f1xx_hal.c.obj
 .debug_loclists